Microchip MPLAB XC8 Compiler V1.33 ()

Linker command line:

--edf=C:\Program Files\Microchip\xc8\v1.33\dat\en_msgs.txt -cs \
  -h+dist/default/production\uart_check1.X.production.sym \
  --cmf=dist/default/production\uart_check1.X.production.cmf -z -Q18F4480 \
  -oC:\Users\Guna\AppData\Local\Temp\s23s.6 \
  -Mdist/default/production/uart_check1.X.production.map -E1 -ver=XC8 \
  -ASTACK=01C8h-02ffh -pstack=STACK -ACODE=00h-03FFFh -ACONST=00h-03FFFh \
  -ASMALLCONST=0300h-03FFhx61 -AMEDIUMCONST=0300h-03FFFh -ACOMRAM=01h-05Fh \
  -AABS1=00h-02FFh -ABIGRAM=01h-02FFh -ARAM=060h-0FFh,0100h-01FFhx2 \
  -ABANK0=060h-0FFh -ABANK1=0100h-01FFh -ABANK2=0200h-02FFh \
  -ASFR=0D00h-0DFFhx2,0F00h-0F5Fh,0F60h-0FFFh \
  -preset_vec=00h,intcode=08h,intcodelo,powerup,init,end_init \
  -pramtop=0300h -psmallconst=SMALLCONST -pmediumconst=MEDIUMCONST \
  -pconst=CONST -AFARRAM=00h-00h -ACONFIG=0300000h-030000Dh -pconfig=CONFIG \
  -AIDLOC=0200000h-0200007h -pidloc=IDLOC -AEEDATA=0F00000h-0F000FFh \
  -peeprom_data=EEDATA \
  -prdata=COMRAM,nvrram=COMRAM,nvbit=COMRAM,rbss=COMRAM,rbit=COMRAM \
  -pfarbss=FARRAM,fardata=FARRAM,nvFARRAM=FARRAM \
  -pintsave_regs=BIGRAM,bigbss=BIGRAM,bigdata=BIGRAM -pbss=RAM \
  -pidata=CODE,irdata=CODE,ibigdata=CODE,ifardata=CODE \
  C:\Users\Guna\AppData\Local\Temp\s23s.obj \
  dist/default/production\uart_check1.X.production.obj 

Object code version is 3.11

Machine type is 18F4480

Call graph: (short form)




                Name                               Link     Load   Length Selector   Space Scale
C:\Users\Guna\AppData\Local\Temp\s23s.obj
                end_init                             18       18        4        4       0
                reset_vec                             0        0        4        0       0
                idloc                            200000   200000        8   200000       0
                config                           300000   300000        E   300000       0
dist/default/production\uart_check1.X.production.obj
                intcode                               8        8       10        4       0
                smallconst                          300      300        8      180       0
                text22                              7C2      7C2       1E      184       0
                text21                              85A      85A       12      184       0
                text20                              724      724       26      184       0
                text19                              602      602       42      184       0
                text18                              82E      82E       1A      184       0
                text17                              7A4      7A4       1E      184       0
                text16                              6BC      6BC       3C      184       0
                text15                              814      814       1A      184       0
                text14                              786      786       1E      184       0
                text13                              52C      52C       52      184       0
                intcode_body                        308      308      16A      184       0
                text11                              472      472       68      184       0
                text10                              876      876        8      184       0
                text9                               5C0      5C0       42      184       0
                text8                               7FA      7FA       1A      184       0
                text7                               768      768       1E      184       0
                text6                               680      680       3C      184       0
                text5                               6F8      6F8       2C      184       0
                text4                               7E0      7E0       1A      184       0
                text3                               74A      74A       1E      184       0
                text2                               4DA      4DA       52      184       0
                text1                               86C      86C        A      184       0
                text0                               57E      57E       42      184       0
                cstackCOMRAM                          1        1       2B        1       1
                bssBANK1                            100      100       C8      100       1
                dataCOMRAM                           2C       2C       12        1       1
                bssCOMRAM                            3E       3E        3        1       1
                cinit                               644      644       3C      184       0
                nvCOMRAM                             41       41        2        1       1
                idataCOMRAM                         848      848       12      184       0

TOTAL           Name                               Link     Load   Length     Space
        CLASS   STACK          

        CLASS   CODE           
                end_init                             18       18        4         0
                intcode                               8        8       10         0
                reset_vec                             0        0        4         0
                text22                              7C2      7C2       1E         0
                text21                              85A      85A       12         0
                text20                              724      724       26         0
                text19                              602      602       42         0
                text18                              82E      82E       1A         0
                text17                              7A4      7A4       1E         0
                text16                              6BC      6BC       3C         0
                text15                              814      814       1A         0
                text14                              786      786       1E         0
                text13                              52C      52C       52         0
                intcode_body                        308      308      16A         0
                text11                              472      472       68         0
                text10                              876      876        8         0
                text9                               5C0      5C0       42         0
                text8                               7FA      7FA       1A         0
                text7                               768      768       1E         0
                text6                               680      680       3C         0
                text5                               6F8      6F8       2C         0
                text4                               7E0      7E0       1A         0
                text3                               74A      74A       1E         0
                text2                               4DA      4DA       52         0
                text1                               86C      86C        A         0
                text0                               57E      57E       42         0
                cinit                               644      644       3C         0
                idataCOMRAM                         848      848       12         0

        CLASS   CONST          

        CLASS   SMALLCONST     
                smallconst                          300      300        8         0

        CLASS   MEDIUMCONST    

        CLASS   COMRAM         
                cstackCOMRAM                          1        1       2B         1
                dataCOMRAM                           2C       2C       12         1
                bssCOMRAM                            3E       3E        3         1
                nvCOMRAM                             41       41        2         1

        CLASS   ABS1           

        CLASS   BIGRAM         

        CLASS   RAM            

        CLASS   BANK0          

        CLASS   BANK1          
                bssBANK1                            100      100       C8         1

        CLASS   BANK2          

        CLASS   SFR            

        CLASS   FARRAM         

        CLASS   CONFIG         
                config                           300000   300000        E         0

        CLASS   IDLOC          
                idloc                            200000   200000        8         0

        CLASS   EEDATA         



SEGMENTS        Name                           Load    Length   Top    Selector   Space  Class

                reset_vec                      000000  000004  000004         0       0  CODE    
                cstackCOMRAM                   000001  000042  000043         1       1  COMRAM  
                intcode                        000008  000014  00001C         4       0  CODE    
                bssBANK1                       000100  0000C8  0001C8       100       1  BANK1   
                smallconst                     000300  000008  000308       180       0  SMALLCON
                intcode_body                   000308  000576  00087E       184       0  CODE    
                idloc                          200000  000008  200008    200000       0  IDLOC   
                config                         300000  00000E  30000E    300000       0  CONFIG  


UNUSED ADDRESS RANGES

        Name                Unused          Largest block    Delta
        BANK0            000060-0000FF               A0
        BANK1            0001C8-0001FF               38
        BANK2            000200-0002FF              100
        BIGRAM           000043-0000FF               BD
                         0001C8-0002FF              138
        CODE             000004-000007                4
                         00001C-0002FF              2E4
                         00087E-003FFF             3782
        COMRAM           000043-00005F               1D
        CONST            000004-000007                4
                         00001C-0002FF              2E4
                         00087E-003FFF             3782
        EEDATA           F00000-F000FF              100
        MEDIUMCONST      00087E-003FFF             3782
        RAM              000060-0000FF               A0
                         0001C8-0002FF               38
        SFR              000D00-000FFF              100
        SMALLCONST       00087E-003FFF              100
        STACK            0001C8-0002FF              138

                                  Symbol Table

Delay_ms@i                     cstackCOMRAM 000020
Delay_ms@j                     cstackCOMRAM 00001E
Delay_ms@x                     cstackCOMRAM 00001B
OpenUSART@config               cstackCOMRAM 000020
OpenUSART@spbrg                cstackCOMRAM 00001B
ReadUSART@data                 cstackCOMRAM 000001
WriteUSART@data                cstackCOMRAM 000001
_Delay_ms                      text9        0005C0
_INTCONbits                    (abs)        000FF2
_LATD                          (abs)        000F8C
_LATDbits                      (abs)        000F8C
_MessageBuffer                 bssBANK1     000100
_MsgFromPIC                    dataCOMRAM   00002C
_OSCCONbits                    (abs)        000FD3
_OpenUSART                     text11       000472
_PEIE                          (abs)        007F96
_PIE1bits                      (abs)        000F9D
_PIR1bits                      (abs)        000F9E
_RCIE                          (abs)        007CED
_RCIF                          (abs)        007CF5
_RCIP                          (abs)        007CFD
_RCREG                         (abs)        000FAE
_RCSTA                         (abs)        000FAB
_RCSTAbits                     (abs)        000FAB
_ReadUSART                     text22       0007C2
_SPBRG                         (abs)        000FAF
_SPBRGH                        (abs)        000FB0
_SerialRxPinInterrupt          intcode      000008
_SetupClock                    text10       000876
_TRISCbits                     (abs)        000F94
_TRISD                         (abs)        000F95
_TXREG                         (abs)        000FAD
_TXSTA                         (abs)        000FAC
_TXSTAbits                     (abs)        000FAC
_UART1Config                   nvCOMRAM     000041
_USART_Status                  bssCOMRAM    000040
_WriteUSART                    text21       00085A
__HRAM                         (abs)        000000
__Habs1                        abs1         000000
__Hbank0                       bank0        000000
__Hbank1                       bank1        000000
__Hbank2                       bank2        000000
__Hbigbss                      bigbss       000000
__Hbigdata                     bigdata      000000
__Hbigram                      bigram       000000
__Hbss                         bss          000000
__HbssBANK1                    bssBANK1     000000
__HbssCOMRAM                   bssCOMRAM    000000
__Hcinit                       cinit        000000
__Hclrtext                     clrtext      000000
__Hcomram                      comram       000000
__Hconfig                      config       30000E
__Hconst                       const        000000
__HcstackCOMRAM                cstackCOMRAM 000000
__Hdata                        data         000000
__HdataCOMRAM                  dataCOMRAM   000000
__Heeprom_data                 eeprom_data  000000
__Hend_init                    end_init     00001C
__Hfarbss                      farbss       000000
__Hfardata                     fardata      000000
__Hibigdata                    ibigdata     000000
__Hidata                       idata        000000
__HidataCOMRAM                 idataCOMRAM  000000
__Hidloc                       idloc        200008
__Hifardata                    ifardata     000000
__Hinit                        init         000018
__Hintcode                     intcode      000018
__Hintcode_body                intcode_body 000000
__Hintcodelo                   intcodelo    000018
__Hintentry                    intentry     000000
__Hintret                      intret       000000
__Hintsave_regs                intsave_regs 000000
__Hirdata                      irdata       000000
__Hmediumconst                 mediumconst  000000
__HnvCOMRAM                    nvCOMRAM     000000
__HnvFARRAM                    nvFARRAM     000000
__Hnvbit                       nvbit        000000
__Hnvrram                      nvrram       000000
__Hparam                       rparam       000000
__Hpowerup                     powerup      000018
__Hram                         ram          000000
__Hramtop                      ramtop       000300
__Hrbit                        rbit         000000
__Hrbss                        rbss         000000
__Hrdata                       rdata        000000
__Hreset_vec                   reset_vec    000004
__Hrparam                      rparam       000000
__Hsfr                         sfr          000000
__Hsmallconst                  smallconst   000308
__Hspace_0                     (abs)        30000E
__Hspace_1                     (abs)        0001C8
__Hspace_2                     (abs)        000000
__Hstack                       stack        000000
__Hstruct                      struct       000000
__Htemp                        temp         000000
__Htext                        text         000000
__Htext0                       text0        000000
__Htext1                       text1        000000
__Htext10                      text10       000000
__Htext11                      text11       000000
__Htext13                      text13       000000
__Htext14                      text14       000000
__Htext15                      text15       000000
__Htext16                      text16       000000
__Htext17                      text17       000000
__Htext18                      text18       000000
__Htext19                      text19       000000
__Htext2                       text2        000000
__Htext20                      text20       000000
__Htext21                      text21       000000
__Htext22                      text22       000000
__Htext3                       text3        000000
__Htext4                       text4        000000
__Htext5                       text5        000000
__Htext6                       text6        000000
__Htext7                       text7        000000
__Htext8                       text8        000000
__Htext9                       text9        000000
__LRAM                         (abs)        000001
__Labs1                        abs1         000000
__Lbank0                       bank0        000000
__Lbank1                       bank1        000000
__Lbank2                       bank2        000000
__Lbigbss                      bigbss       000000
__Lbigdata                     bigdata      000000
__Lbigram                      bigram       000000
__Lbss                         bss          000000
__LbssBANK1                    bssBANK1     000000
__LbssCOMRAM                   bssCOMRAM    000000
__Lcinit                       cinit        000000
__Lclrtext                     clrtext      000000
__Lcomram                      comram       000000
__Lconfig                      config       300000
__Lconst                       const        000000
__LcstackCOMRAM                cstackCOMRAM 000000
__Ldata                        data         000000
__LdataCOMRAM                  dataCOMRAM   000000
__Leeprom_data                 eeprom_data  000000
__Lend_init                    end_init     000018
__Lfarbss                      farbss       000000
__Lfardata                     fardata      000000
__Libigdata                    ibigdata     000000
__Lidata                       idata        000000
__LidataCOMRAM                 idataCOMRAM  000000
__Lidloc                       idloc        200000
__Lifardata                    ifardata     000000
__Linit                        init         000018
__Lintcode                     intcode      000008
__Lintcode_body                intcode_body 000000
__Lintcodelo                   intcodelo    000018
__Lintentry                    intentry     000000
__Lintret                      intret       000000
__Lintsave_regs                intsave_regs 000000
__Lirdata                      irdata       000000
__Lmediumconst                 mediumconst  000000
__LnvCOMRAM                    nvCOMRAM     000000
__LnvFARRAM                    nvFARRAM     000000
__Lnvbit                       nvbit        000000
__Lnvrram                      nvrram       000000
__Lparam                       rparam       000000
__Lpowerup                     powerup      000018
__Lram                         ram          000000
__Lramtop                      ramtop       000300
__Lrbit                        rbit         000000
__Lrbss                        rbss         000000
__Lrdata                       rdata        000000
__Lreset_vec                   reset_vec    000000
__Lrparam                      rparam       000000
__Lsfr                         sfr          000000
__Lsmallconst                  smallconst   000300
__Lspace_0                     (abs)        000000
__Lspace_1                     (abs)        000000
__Lspace_2                     (abs)        000000
__Lstack                       stack        000000
__Lstruct                      struct       000000
__Ltemp                        temp         000000
__Ltext                        text         000000
__Ltext0                       text0        000000
__Ltext1                       text1        000000
__Ltext10                      text10       000000
__Ltext11                      text11       000000
__Ltext13                      text13       000000
__Ltext14                      text14       000000
__Ltext15                      text15       000000
__Ltext16                      text16       000000
__Ltext17                      text17       000000
__Ltext18                      text18       000000
__Ltext19                      text19       000000
__Ltext2                       text2        000000
__Ltext20                      text20       000000
__Ltext21                      text21       000000
__Ltext22                      text22       000000
__Ltext3                       text3        000000
__Ltext4                       text4        000000
__Ltext5                       text5        000000
__Ltext6                       text6        000000
__Ltext7                       text7        000000
__Ltext8                       text8        000000
__Ltext9                       text9        000000
__S0                           (abs)        30000E
__S1                           (abs)        0001C8
__S2                           (abs)        000000
___inthi_sp                    stack        000000
___intlo_sp                    stack        000000
___sp                          stack        000000
__accesstop                    (abs)        000060
__activetblptr                 (abs)        000002
__end_of_Delay_ms              text9        000602
__end_of_OpenUSART             text11       0004DA
__end_of_ReadUSART             text22       0007E0
__end_of_SerialRxPinInterrupt  intcode_body 000472
__end_of_SetupClock            text10       00087E
__end_of_WriteUSART            text21       00086C
__end_of__initialization       cinit        000676
__end_of__stringdata           smallconst   000307
__end_of_dis_cmd               text7        000786
__end_of_dis_data              text3        000768
__end_of_lcd_goto              text6        0006BC
__end_of_lcd_init              text5        000724
__end_of_lcd_puts              text2        00052C
__end_of_lcdcmd                text8        000814
__end_of_lcddata               text4        0007FA
__end_of_main                  text0        0005C0
__end_of_putsUSART             text20       00074A
__end_of_set_lcdport           text1        000876
__end_ofi2_Delay_ms            text19       000644
__end_ofi2_dis_cmd             text17       0007C2
__end_ofi2_dis_data            text14       0007A4
__end_ofi2_lcd_goto            text16       0006F8
__end_ofi2_lcd_puts            text13       00057E
__end_ofi2_lcdcmd              text18       000848
__end_ofi2_lcddata             text15       00082E
__initialization               cinit        000644
__mediumconst                  mediumconst  000000
__pbssBANK1                    bssBANK1     000100
__pbssCOMRAM                   bssCOMRAM    00003E
__pcinit                       cinit        000644
__pcstackCOMRAM                cstackCOMRAM 000001
__pdataCOMRAM                  dataCOMRAM   00002C
__pidataCOMRAM                 idataCOMRAM  000848
__pintcode                     intcode      000008
__pintcode_body                intcode_body 000308
__pnvCOMRAM                    nvCOMRAM     000041
__psmallconst                  smallconst   000300
__ptext0                       text0        00057E
__ptext1                       text1        00086C
__ptext10                      text10       000876
__ptext11                      text11       000472
__ptext13                      text13       00052C
__ptext14                      text14       000786
__ptext15                      text15       000814
__ptext16                      text16       0006BC
__ptext17                      text17       0007A4
__ptext18                      text18       00082E
__ptext19                      text19       000602
__ptext2                       text2        0004DA
__ptext20                      text20       000724
__ptext21                      text21       00085A
__ptext22                      text22       0007C2
__ptext3                       text3        00074A
__ptext4                       text4        0007E0
__ptext5                       text5        0006F8
__ptext6                       text6        000680
__ptext7                       text7        000768
__ptext8                       text8        0007FA
__ptext9                       text9        0005C0
__ramtop                       ramtop       000300
__size_of_Delay_ms             (abs)        000000
__size_of_OpenUSART            (abs)        000000
__size_of_ReadUSART            (abs)        000000
__size_of_SerialRxPinInterrupt (abs)        000000
__size_of_SetupClock           (abs)        000000
__size_of_WriteUSART           (abs)        000000
__size_of_dis_cmd              (abs)        000000
__size_of_dis_data             (abs)        000000
__size_of_lcd_goto             (abs)        000000
__size_of_lcd_init             (abs)        000000
__size_of_lcd_puts             (abs)        000000
__size_of_lcdcmd               (abs)        000000
__size_of_lcddata              (abs)        000000
__size_of_main                 (abs)        000000
__size_of_putsUSART            (abs)        000000
__size_of_set_lcdport          (abs)        000000
__size_ofi2_Delay_ms           (abs)        000000
__size_ofi2_dis_cmd            (abs)        000000
__size_ofi2_dis_data           (abs)        000000
__size_ofi2_lcd_goto           (abs)        000000
__size_ofi2_lcd_puts           (abs)        000000
__size_ofi2_lcdcmd             (abs)        000000
__size_ofi2_lcddata            (abs)        000000
__smallconst                   smallconst   000300
__stringdata                   smallconst   000301
_baud                          nvCOMRAM     000042
_dis_cmd                       text7        000768
_dis_data                      text3        00074A
_i                             bssCOMRAM    00003E
_lcd_goto                      text6        000680
_lcd_init                      text5        0006F8
_lcd_puts                      text2        0004DA
_lcdcmd                        text8        0007FA
_lcddata                       text4        0007E0
_main                          text0        00057E
_putsUSART                     text20       000724
_set_lcdport                   text1        00086C
dis_cmd@cmd_value              cstackCOMRAM 000023
dis_cmd@cmd_value1             cstackCOMRAM 000024
dis_data@data_value            cstackCOMRAM 000023
dis_data@data_value1           cstackCOMRAM 000024
end_of_initialization          cinit        000676
i2Delay_ms@i                   cstackCOMRAM 000006
i2Delay_ms@j                   cstackCOMRAM 000004
i2Delay_ms@x                   cstackCOMRAM 000001
i2_Delay_ms                    text19       000602
i2_dis_cmd                     text17       0007A4
i2_dis_data                    text14       000786
i2_lcd_goto                    text16       0006BC
i2_lcd_puts                    text13       00052C
i2_lcdcmd                      text18       00082E
i2_lcddata                     text15       000814
i2dis_cmd@cmd_value            cstackCOMRAM 000009
i2dis_cmd@cmd_value1           cstackCOMRAM 00000A
i2dis_data@data_value          cstackCOMRAM 000009
i2dis_data@data_value1         cstackCOMRAM 00000A
i2lcd_goto@cnt                 cstackCOMRAM 00000B
i2lcd_puts@p                   cstackCOMRAM 00000B
i2lcdcmd@cmdout                cstackCOMRAM 000008
i2lcddata@dataout              cstackCOMRAM 000008
int_func                       intcode_body 000308
intlevel0                      text         000000
intlevel1                      text         000000
intlevel2                      text         000000
intlevel3                      text         000000
lcd_goto@cnt                   cstackCOMRAM 000025
lcd_puts@p                     cstackCOMRAM 000025
lcdcmd@cmdout                  cstackCOMRAM 000022
lcddata@dataout                cstackCOMRAM 000022
putsUSART@data                 cstackCOMRAM 000002
stackhi                        (abs)        0002FF
stacklo                        (abs)        0001C8
start                          init         000018
start_initialization           cinit        000644


FUNCTION INFORMATION:

 *************** function _main *****************
 Defined at:
		line 17 in file "../uart.c"
 Parameters:    Size  Location     Type
  argc            2   38[COMRAM] int 
  argv            3   40[COMRAM] PTR PTR unsigned char 
 Auto vars:     Size  Location     Type
		None
 Return value:  Size  Location     Type
		None               void
 Registers used:
		wreg, fsr0l, fsr0h, status,2, status,0, tblptrl, tblptrh, tblptru, cstack
 Tracked objects:
		On entry : 
		On exit  : 
		Unchanged: 
 Data sizes:     COMRAM   BANK0   BANK1   BANK2
      Params:         5       0       0       0
      Locals:         0       0       0       0
      Temps:          0       0       0       0
      Totals:         5       0       0       0
Total ram usage:        5 bytes
 Hardware stack levels required when called:    9
 This function calls:
		_OpenUSART
		_SetupClock
		_lcd_goto
		_lcd_init
		_lcd_puts
		_set_lcdport
 This function is called by:
		Startup code after reset
 This function uses a non-reentrant model


 *************** function _set_lcdport *****************
 Defined at:
		line 42 in file "../lcd_driver.c"
 Parameters:    Size  Location     Type
		None
 Auto vars:     Size  Location     Type
		None
 Return value:  Size  Location     Type
		None               void
 Registers used:
		wreg, status,2
 Tracked objects:
		On entry : 
		On exit  : 
		Unchanged: 
 Data sizes:     COMRAM   BANK0   BANK1   BANK2
      Params:         0       0       0       0
      Locals:         0       0       0       0
      Temps:          0       0       0       0
      Totals:         0       0       0       0
Total ram usage:        0 bytes
 Hardware stack levels used:    1
 Hardware stack levels required when called:    5
 This function calls:
		Nothing
 This function is called by:
		_main
 This function uses a non-reentrant model


 *************** function _lcd_puts *****************
 Defined at:
		line 124 in file "../lcd_driver.c"
 Parameters:    Size  Location     Type
  p               2   36[COMRAM] PTR const unsigned char 
		 -> MessageBuffer(200), STR_1(6), 
 Auto vars:     Size  Location     Type
		None
 Return value:  Size  Location     Type
		None               void
 Registers used:
		wreg, fsr0l, fsr0h, status,2, status,0, tblptrl, tblptrh, tblptru, cstack
 Tracked objects:
		On entry : 
		On exit  : 
		Unchanged: 
 Data sizes:     COMRAM   BANK0   BANK1   BANK2
      Params:         2       0       0       0
      Locals:         0       0       0       0
      Temps:          0       0       0       0
      Totals:         2       0       0       0
Total ram usage:        2 bytes
 Hardware stack levels used:    1
 Hardware stack levels required when called:    8
 This function calls:
		_dis_data
 This function is called by:
		_main
 This function uses a non-reentrant model


 *************** function _dis_data *****************
 Defined at:
		line 85 in file "../lcd_driver.c"
 Parameters:    Size  Location     Type
  data_value      1    wreg     unsigned char 
 Auto vars:     Size  Location     Type
  data_value      1   34[COMRAM] unsigned char 
  data_value1     1   35[COMRAM] unsigned char 
 Return value:  Size  Location     Type
		None               void
 Registers used:
		wreg, status,2, status,0, cstack
 Tracked objects:
		On entry : 
		On exit  : 
		Unchanged: 
 Data sizes:     COMRAM   BANK0   BANK1   BANK2
      Params:         0       0       0       0
      Locals:         2       0       0       0
      Temps:          0       0       0       0
      Totals:         2       0       0       0
Total ram usage:        2 bytes
 Hardware stack levels used:    1
 Hardware stack levels required when called:    7
 This function calls:
		_lcddata
 This function is called by:
		_lcd_puts
		_lcd_putc
		_lcd_put_array
 This function uses a non-reentrant model


 *************** function _lcddata *****************
 Defined at:
		line 103 in file "../lcd_driver.c"
 Parameters:    Size  Location     Type
  dataout         1    wreg     unsigned char 
 Auto vars:     Size  Location     Type
  dataout         1   33[COMRAM] unsigned char 
 Return value:  Size  Location     Type
		None               void
 Registers used:
		wreg, status,2, status,0, cstack
 Tracked objects:
		On entry : 
		On exit  : 
		Unchanged: 
 Data sizes:     COMRAM   BANK0   BANK1   BANK2
      Params:         0       0       0       0
      Locals:         1       0       0       0
      Temps:          0       0       0       0
      Totals:         1       0       0       0
Total ram usage:        1 bytes
 Hardware stack levels used:    1
 Hardware stack levels required when called:    6
 This function calls:
		_Delay_ms
 This function is called by:
		_dis_data
 This function uses a non-reentrant model


 *************** function _lcd_init *****************
 Defined at:
		line 63 in file "../lcd_driver.c"
 Parameters:    Size  Location     Type
		None
 Auto vars:     Size  Location     Type
		None
 Return value:  Size  Location     Type
		None               void
 Registers used:
		wreg, status,2, status,0, cstack
 Tracked objects:
		On entry : 
		On exit  : 
		Unchanged: 
 Data sizes:     COMRAM   BANK0   BANK1   BANK2
      Params:         0       0       0       0
      Locals:         0       0       0       0
      Temps:          0       0       0       0
      Totals:         0       0       0       0
Total ram usage:        0 bytes
 Hardware stack levels used:    1
 Hardware stack levels required when called:    8
 This function calls:
		_dis_cmd
 This function is called by:
		_main
 This function uses a non-reentrant model


 *************** function _lcd_goto *****************
 Defined at:
		line 157 in file "../lcd_driver.c"
 Parameters:    Size  Location     Type
  cnt             1    wreg     unsigned char 
 Auto vars:     Size  Location     Type
  cnt             1   36[COMRAM] unsigned char 
 Return value:  Size  Location     Type
		None               void
 Registers used:
		wreg, status,2, status,0, cstack
 Tracked objects:
		On entry : 
		On exit  : 
		Unchanged: 
 Data sizes:     COMRAM   BANK0   BANK1   BANK2
      Params:         0       0       0       0
      Locals:         1       0       0       0
      Temps:          0       0       0       0
      Totals:         1       0       0       0
Total ram usage:        1 bytes
 Hardware stack levels used:    1
 Hardware stack levels required when called:    8
 This function calls:
		_dis_cmd
 This function is called by:
		_main
 This function uses a non-reentrant model


 *************** function _dis_cmd *****************
 Defined at:
		line 74 in file "../lcd_driver.c"
 Parameters:    Size  Location     Type
  cmd_value       1    wreg     unsigned char 
 Auto vars:     Size  Location     Type
  cmd_value       1   34[COMRAM] unsigned char 
  cmd_value1      1   35[COMRAM] unsigned char 
 Return value:  Size  Location     Type
		None               void
 Registers used:
		wreg, status,2, status,0, cstack
 Tracked objects:
		On entry : 
		On exit  : 
		Unchanged: 
 Data sizes:     COMRAM   BANK0   BANK1   BANK2
      Params:         0       0       0       0
      Locals:         2       0       0       0
      Temps:          0       0       0       0
      Totals:         2       0       0       0
Total ram usage:        2 bytes
 Hardware stack levels used:    1
 Hardware stack levels required when called:    7
 This function calls:
		_lcdcmd
 This function is called by:
		_lcd_init
		_lcd_goto
		_lcd_goto_pos
		_lcd_clrscr
 This function uses a non-reentrant model


 *************** function _lcdcmd *****************
 Defined at:
		line 94 in file "../lcd_driver.c"
 Parameters:    Size  Location     Type
  cmdout          1    wreg     unsigned char 
 Auto vars:     Size  Location     Type
  cmdout          1   33[COMRAM] unsigned char 
 Return value:  Size  Location     Type
		None               void
 Registers used:
		wreg, status,2, status,0, cstack
 Tracked objects:
		On entry : 
		On exit  : 
		Unchanged: 
 Data sizes:     COMRAM   BANK0   BANK1   BANK2
      Params:         0       0       0       0
      Locals:         1       0       0       0
      Temps:          0       0       0       0
      Totals:         1       0       0       0
Total ram usage:        1 bytes
 Hardware stack levels used:    1
 Hardware stack levels required when called:    6
 This function calls:
		_Delay_ms
 This function is called by:
		_dis_cmd
 This function uses a non-reentrant model


 *************** function _Delay_ms *****************
 Defined at:
		line 115 in file "../lcd_driver.c"
 Parameters:    Size  Location     Type
  x               2   26[COMRAM] int 
 Auto vars:     Size  Location     Type
  i               2   31[COMRAM] int 
  j               2   29[COMRAM] int 
 Return value:  Size  Location     Type
		None               void
 Registers used:
		wreg, status,2, status,0
 Tracked objects:
		On entry : 
		On exit  : 
		Unchanged: 
 Data sizes:     COMRAM   BANK0   BANK1   BANK2
      Params:         2       0       0       0
      Locals:         4       0       0       0
      Temps:          1       0       0       0
      Totals:         7       0       0       0
Total ram usage:        7 bytes
 Hardware stack levels used:    1
 Hardware stack levels required when called:    5
 This function calls:
		Nothing
 This function is called by:
		_lcdcmd
		_lcddata
 This function uses a non-reentrant model


 *************** function _SetupClock *****************
 Defined at:
		line 46 in file "../uart.c"
 Parameters:    Size  Location     Type
		None
 Auto vars:     Size  Location     Type
		None
 Return value:  Size  Location     Type
		None               void
 Registers used:
		None
 Tracked objects:
		On entry : 
		On exit  : 
		Unchanged: 
 Data sizes:     COMRAM   BANK0   BANK1   BANK2
      Params:         0       0       0       0
      Locals:         0       0       0       0
      Temps:          0       0       0       0
      Totals:         0       0       0       0
Total ram usage:        0 bytes
 Hardware stack levels used:    1
 Hardware stack levels required when called:    5
 This function calls:
		Nothing
 This function is called by:
		_main
 This function uses a non-reentrant model


 *************** function _OpenUSART *****************
 Defined at:
		line 73 in file "C:\Program Files\Microchip\xc8\v1.33\sources\pic18\plib\USART\uopen.c"
 Parameters:    Size  Location     Type
  config          1    wreg     unsigned char 
  spbrg           2   26[COMRAM] unsigned int 
 Auto vars:     Size  Location     Type
  config          1   31[COMRAM] unsigned char 
 Return value:  Size  Location     Type
		None               void
 Registers used:
		wreg, status,2
 Tracked objects:
		On entry : 
		On exit  : 
		Unchanged: 
 Data sizes:     COMRAM   BANK0   BANK1   BANK2
      Params:         2       0       0       0
      Locals:         1       0       0       0
      Temps:          3       0       0       0
      Totals:         6       0       0       0
Total ram usage:        6 bytes
 Hardware stack levels used:    1
 Hardware stack levels required when called:    5
 This function calls:
		Nothing
 This function is called by:
		_main
 This function uses a non-reentrant model


 *************** function _SerialRxPinInterrupt *****************
 Defined at:
		line 53 in file "../uart.c"
 Parameters:    Size  Location     Type
		None
 Auto vars:     Size  Location     Type
		None
 Return value:  Size  Location     Type
		None               void
 Registers used:
		wreg, fsr0l, fsr0h, fsr2l, fsr2h, status,2, status,0, tblptrl, tblptrh, tblptru, prodl, cstack
 Tracked objects:
		On entry : 
		On exit  : 
		Unchanged: 
 Data sizes:     COMRAM   BANK0   BANK1   BANK2
      Params:         0       0       0       0
      Locals:         0       0       0       0
      Temps:         14       0       0       0
      Totals:        14       0       0       0
Total ram usage:       14 bytes
 Hardware stack levels used:    1
 Hardware stack levels required when called:    4
 This function calls:
		_ReadUSART
		_putsUSART
		i2_lcd_goto
		i2_lcd_puts
 This function is called by:
		Interrupt level 2
 This function uses a non-reentrant model


 *************** function i2_lcd_puts *****************
 Defined at:
		line 124 in file "../lcd_driver.c"
 Parameters:    Size  Location     Type
  p               2   10[COMRAM] PTR const unsigned char 
		 -> MessageBuffer(200), STR_1(6), 
 Auto vars:     Size  Location     Type
		None
 Return value:  Size  Location     Type
		None               void
 Registers used:
		wreg, fsr0l, fsr0h, status,2, status,0, tblptrl, tblptrh, tblptru, cstack
 Tracked objects:
		On entry : 
		On exit  : 
		Unchanged: 
 Data sizes:     COMRAM   BANK0   BANK1   BANK2
      Params:         2       0       0       0
      Locals:         0       0       0       0
      Temps:          0       0       0       0
      Totals:         2       0       0       0
Total ram usage:        2 bytes
 Hardware stack levels used:    1
 Hardware stack levels required when called:    3
 This function calls:
		i2_dis_data
 This function is called by:
		_SerialRxPinInterrupt
 This function uses a non-reentrant model


 *************** function i2_dis_data *****************
 Defined at:
		line 85 in file "../lcd_driver.c"
 Parameters:    Size  Location     Type
  data_value      1    wreg     unsigned char 
 Auto vars:     Size  Location     Type
  data_value      1    8[COMRAM] unsigned char 
  dis_data        1    9[COMRAM] unsigned char 
 Return value:  Size  Location     Type
		None               void
 Registers used:
		wreg, status,2, status,0, cstack
 Tracked objects:
		On entry : 
		On exit  : 
		Unchanged: 
 Data sizes:     COMRAM   BANK0   BANK1   BANK2
      Params:         0       0       0       0
      Locals:         2       0       0       0
      Temps:          0       0       0       0
      Totals:         2       0       0       0
Total ram usage:        2 bytes
 Hardware stack levels used:    1
 Hardware stack levels required when called:    2
 This function calls:
		i2_lcddata
 This function is called by:
		i2_lcd_puts
 This function uses a non-reentrant model


 *************** function i2_lcddata *****************
 Defined at:
		line 103 in file "../lcd_driver.c"
 Parameters:    Size  Location     Type
  dataout         1    wreg     unsigned char 
 Auto vars:     Size  Location     Type
  dataout         1    7[COMRAM] unsigned char 
 Return value:  Size  Location     Type
		None               void
 Registers used:
		wreg, status,2, status,0, cstack
 Tracked objects:
		On entry : 
		On exit  : 
		Unchanged: 
 Data sizes:     COMRAM   BANK0   BANK1   BANK2
      Params:         0       0       0       0
      Locals:         1       0       0       0
      Temps:          0       0       0       0
      Totals:         1       0       0       0
Total ram usage:        1 bytes
 Hardware stack levels used:    1
 Hardware stack levels required when called:    1
 This function calls:
		i2_Delay_ms
 This function is called by:
		i2_dis_data
 This function uses a non-reentrant model


 *************** function i2_lcd_goto *****************
 Defined at:
		line 157 in file "../lcd_driver.c"
 Parameters:    Size  Location     Type
  cnt             1    wreg     unsigned char 
 Auto vars:     Size  Location     Type
  cnt             1   10[COMRAM] unsigned char 
 Return value:  Size  Location     Type
		None               void
 Registers used:
		wreg, status,2, status,0, cstack
 Tracked objects:
		On entry : 
		On exit  : 
		Unchanged: 
 Data sizes:     COMRAM   BANK0   BANK1   BANK2
      Params:         0       0       0       0
      Locals:         1       0       0       0
      Temps:          0       0       0       0
      Totals:         1       0       0       0
Total ram usage:        1 bytes
 Hardware stack levels used:    1
 Hardware stack levels required when called:    3
 This function calls:
		i2_dis_cmd
 This function is called by:
		_SerialRxPinInterrupt
 This function uses a non-reentrant model


 *************** function i2_dis_cmd *****************
 Defined at:
		line 74 in file "../lcd_driver.c"
 Parameters:    Size  Location     Type
  cmd_value       1    wreg     unsigned char 
 Auto vars:     Size  Location     Type
  cmd_value       1    8[COMRAM] unsigned char 
  dis_cmd         1    9[COMRAM] unsigned char 
 Return value:  Size  Location     Type
		None               void
 Registers used:
		wreg, status,2, status,0, cstack
 Tracked objects:
		On entry : 
		On exit  : 
		Unchanged: 
 Data sizes:     COMRAM   BANK0   BANK1   BANK2
      Params:         0       0       0       0
      Locals:         2       0       0       0
      Temps:          0       0       0       0
      Totals:         2       0       0       0
Total ram usage:        2 bytes
 Hardware stack levels used:    1
 Hardware stack levels required when called:    2
 This function calls:
		i2_lcdcmd
 This function is called by:
		i2_lcd_goto
 This function uses a non-reentrant model


 *************** function i2_lcdcmd *****************
 Defined at:
		line 94 in file "../lcd_driver.c"
 Parameters:    Size  Location     Type
  cmdout          1    wreg     unsigned char 
 Auto vars:     Size  Location     Type
  cmdout          1    7[COMRAM] unsigned char 
 Return value:  Size  Location     Type
		None               void
 Registers used:
		wreg, status,2, status,0, cstack
 Tracked objects:
		On entry : 
		On exit  : 
		Unchanged: 
 Data sizes:     COMRAM   BANK0   BANK1   BANK2
      Params:         0       0       0       0
      Locals:         1       0       0       0
      Temps:          0       0       0       0
      Totals:         1       0       0       0
Total ram usage:        1 bytes
 Hardware stack levels used:    1
 Hardware stack levels required when called:    1
 This function calls:
		i2_Delay_ms
 This function is called by:
		i2_dis_cmd
 This function uses a non-reentrant model


 *************** function i2_Delay_ms *****************
 Defined at:
		line 115 in file "../lcd_driver.c"
 Parameters:    Size  Location     Type
  x               2    0[COMRAM] int 
 Auto vars:     Size  Location     Type
  Delay_ms        2    5[COMRAM] int 
  Delay_ms        2    3[COMRAM] int 
 Return value:  Size  Location     Type
		None               void
 Registers used:
		wreg, status,2, status,0
 Tracked objects:
		On entry : 
		On exit  : 
		Unchanged: 
 Data sizes:     COMRAM   BANK0   BANK1   BANK2
      Params:         2       0       0       0
      Locals:         4       0       0       0
      Temps:          1       0       0       0
      Totals:         7       0       0       0
Total ram usage:        7 bytes
 Hardware stack levels used:    1
 This function calls:
		Nothing
 This function is called by:
		i2_lcdcmd
		i2_lcddata
 This function uses a non-reentrant model


 *************** function _putsUSART *****************
 Defined at:
		line 14 in file "C:\Program Files\Microchip\xc8\v1.33\sources\pic18\plib\USART\uputs.c"
 Parameters:    Size  Location     Type
  data            2    1[COMRAM] PTR unsigned char 
		 -> MessageBuffer(200), 
 Auto vars:     Size  Location     Type
		None
 Return value:  Size  Location     Type
		None               void
 Registers used:
		wreg, fsr2l, fsr2h, status,2, status,0, cstack
 Tracked objects:
		On entry : 
		On exit  : 
		Unchanged: 
 Data sizes:     COMRAM   BANK0   BANK1   BANK2
      Params:         2       0       0       0
      Locals:         0       0       0       0
      Temps:          0       0       0       0
      Totals:         2       0       0       0
Total ram usage:        2 bytes
 Hardware stack levels used:    1
 Hardware stack levels required when called:    1
 This function calls:
		_WriteUSART
 This function is called by:
		_SerialRxPinInterrupt
 This function uses a non-reentrant model


 *************** function _WriteUSART *****************
 Defined at:
		line 13 in file "C:\Program Files\Microchip\xc8\v1.33\sources\pic18\plib\USART\uwrite.c"
 Parameters:    Size  Location     Type
  data            1    wreg     unsigned char 
 Auto vars:     Size  Location     Type
  data            1    0[COMRAM] unsigned char 
 Return value:  Size  Location     Type
		None               void
 Registers used:
		wreg
 Tracked objects:
		On entry : 
		On exit  : 
		Unchanged: 
 Data sizes:     COMRAM   BANK0   BANK1   BANK2
      Params:         0       0       0       0
      Locals:         1       0       0       0
      Temps:          0       0       0       0
      Totals:         1       0       0       0
Total ram usage:        1 bytes
 Hardware stack levels used:    1
 This function calls:
		Nothing
 This function is called by:
		_putsUSART
 This function uses a non-reentrant model


 *************** function _ReadUSART *****************
 Defined at:
		line 15 in file "C:\Program Files\Microchip\xc8\v1.33\sources\pic18\plib\USART\uread.c"
 Parameters:    Size  Location     Type
		None
 Auto vars:     Size  Location     Type
  data            1    0[COMRAM] unsigned char 
 Return value:  Size  Location     Type
                  1    wreg      unsigned char 
 Registers used:
		wreg, status,2, status,0
 Tracked objects:
		On entry : 
		On exit  : 
		Unchanged: 
 Data sizes:     COMRAM   BANK0   BANK1   BANK2
      Params:         0       0       0       0
      Locals:         1       0       0       0
      Temps:          0       0       0       0
      Totals:         1       0       0       0
Total ram usage:        1 bytes
 Hardware stack levels used:    1
 This function calls:
		Nothing
 This function is called by:
		_SerialRxPinInterrupt
 This function uses a non-reentrant model



MODULE INFORMATION

Module		Function		Class		Link	Load	Size
C:\Program Files\Microchip\xc8\v1.33\sources\pic18\plib\USART\uputs.c
		_putsUSART     		CODE           	0724	0000	38

C:\Program Files\Microchip\xc8\v1.33\sources\pic18\plib\USART\uputs.c estimated size: 38

../lcd_driver.c
		_set_lcdport   		CODE           	086C	0000	10
		_lcd_puts      		CODE           	04DA	0000	82
		_lcdcmd        		CODE           	07FA	0000	26
		_Delay_ms      		CODE           	05C0	0000	66
		_lcd_goto      		CODE           	0680	0000	60
		_lcddata       		CODE           	07E0	0000	26
		_dis_cmd       		CODE           	0768	0000	30
		_dis_data      		CODE           	074A	0000	30
		_lcd_init      		CODE           	06F8	0000	44

../lcd_driver.c estimated size: 374

../uart.c
		_SerialRxPinInt		CODE           	0008	0000	1130
		_main          		CODE           	057E	0000	66
		_SetupClock    		CODE           	0876	0000	8

../uart.c estimated size: 1204

C:\Program Files\Microchip\xc8\v1.33\sources\pic18\plib\USART\uopen.c
		_OpenUSART     		CODE           	0472	0000	104

C:\Program Files\Microchip\xc8\v1.33\sources\pic18\plib\USART\uopen.c estimated size: 104

shared
		i2_lcdcmd      		CODE           	082E	0000	26
		__stringdata   		SMALLCONST     	0301	0000	6
		i2_lcddata     		CODE           	0814	0000	26
		i2_dis_data    		CODE           	0786	0000	30
		__initializatio		CODE           	0644	0000	50
		i2_Delay_ms    		CODE           	0602	0000	66
		i2_dis_cmd     		CODE           	07A4	0000	30
		i2_lcd_goto    		CODE           	06BC	0000	60
		i2_lcd_puts    		CODE           	052C	0000	82

shared estimated size: 376

C:\Program Files\Microchip\xc8\v1.33\sources\pic18\plib\USART\uwrite.c
		_WriteUSART    		CODE           	085A	0000	18

C:\Program Files\Microchip\xc8\v1.33\sources\pic18\plib\USART\uwrite.c estimated size: 18

C:\Program Files\Microchip\xc8\v1.33\sources\pic18\plib\USART\uread.c
		_ReadUSART     		CODE           	07C2	0000	30

C:\Program Files\Microchip\xc8\v1.33\sources\pic18\plib\USART\uread.c estimated size: 30

