MPLINK 4.48, Linker
Linker Map File - Created Tue Jul 28 22:30:51 2015

                                 Section Info
                  Section       Type    Address   Location Size(Bytes)
                ---------  ---------  ---------  ---------  ---------
               _entry_scn       code   0x000000    program   0x000006
                   .cinit    romdata   0x000006    program   0x00000e
.code_UART_SARATHI_CHECK.o       code   0x000014    program   0x000782
                     PROG       code   0x000796    program   0x000194
               _cinit_scn       code   0x00092a    program   0x00009e
            .code_uputs.o       code   0x0009c8    program   0x00004c
            .code_uread.o       code   0x000a14    program   0x00003e
             D10KTCYXCODE       code   0x000a52    program   0x00002e
           .code_uwrite.o       code   0x000a80    program   0x00002e
         .code_fxd1616u.o       code   0x000aae    program   0x00002c
                    .code       code   0x000ada    program   0x000020
             _startup_scn       code   0x000afa    program   0x00001c
              D10TCYXCODE       code   0x000b16    program   0x000016
             .stringtable    romdata   0x000b2c    program   0x00000b
         .idata_c018i.o_i    romdata   0x000b37    program   0x000000
         .romdata_c018i.o    romdata   0x000b37    program   0x000000
        .romdata_uwrite.o    romdata   0x000b37    program   0x000000
        .idata_uwrite.o_i    romdata   0x000b37    program   0x000000
         .romdata_uputs.o    romdata   0x000b37    program   0x000000
         .idata_uputs.o_i    romdata   0x000b37    program   0x000000
        .romdata___init.o    romdata   0x000b37    program   0x000000
        .idata___init.o_i    romdata   0x000b37    program   0x000000
         .romdata_udefs.o    romdata   0x000b37    program   0x000000
         .idata_udefs.o_i    romdata   0x000b37    program   0x000000
         .romdata_uread.o    romdata   0x000b37    program   0x000000
         .idata_uread.o_i    romdata   0x000b37    program   0x000000
      .romdata_fxd1616u.o    romdata   0x000b37    program   0x000000
      .idata_fxd1616u.o_i    romdata   0x000b37    program   0x000000
.romdata_UART_SARATHI_CHECK.o    romdata   0x000b37    program   0x000000
            .code_udefs.o       code   0x000b38    program   0x000000
           .code___init.o       code   0x000b38    program   0x000002
            .code_c018i.o       code   0x000b38    program   0x000000
.idata_UART_SARATHI_CHECK.o_i    romdata   0x000b3a    program   0x000002
                MATH_DATA      udata   0x000000       data   0x000014
                 .tmpdata      udata   0x000014       data   0x000004
                DELAYDAT2      udata   0x000018       data   0x000001
                DELAYDAT1      udata   0x000019       data   0x000001
.udata_UART_SARATHI_CHECK.o      udata   0x000060       data   0x000068
           .udata_c018i.o      udata   0x0000c8       data   0x00000a
.idata_UART_SARATHI_CHECK.o      idata   0x0000d2       data   0x000002
           .udata_udefs.o      udata   0x0000d4       data   0x000001
          .idata_uwrite.o      idata   0x0000d5       data   0x000000
          .udata_uwrite.o      udata   0x0000d5       data   0x000000
           .idata_uputs.o      idata   0x0000d5       data   0x000000
           .udata_uputs.o      udata   0x0000d5       data   0x000000
          .idata___init.o      idata   0x0000d5       data   0x000000
          .udata___init.o      udata   0x0000d5       data   0x000000
           .idata_udefs.o      idata   0x0000d5       data   0x000000
           .idata_uread.o      idata   0x0000d5       data   0x000000
           .udata_uread.o      udata   0x0000d5       data   0x000000
        .idata_fxd1616u.o      idata   0x0000d5       data   0x000000
        .udata_fxd1616u.o      udata   0x0000d5       data   0x000000
           .idata_c018i.o      idata   0x0000d5       data   0x000000
                   .stack      udata   0x000200       data   0x000100
              SFR_BANKED0      udata   0x000d60       data   0x00000c
              SFR_BANKED1      udata   0x000d70       data   0x00000c
              SFR_BANKED2      udata   0x000d80       data   0x00000c
              SFR_BANKED3      udata   0x000d90       data   0x000004
              SFR_BANKED4      udata   0x000dd4       data   0x000002
              SFR_BANKED5      udata   0x000dd8       data   0x000001
              SFR_BANKED6      udata   0x000de0       data   0x000008
              SFR_BANKED7      udata   0x000df0       data   0x000004
              SFR_BANKED8      udata   0x000df8       data   0x000001
              SFR_BANKED9      udata   0x000dfa       data   0x000001
             SFR_BANKED10      udata   0x000dfc       data   0x000001
             SFR_BANKED11      udata   0x000e20       data   0x000060
             SFR_BANKED12      udata   0x000f00       data   0x000060
            SFR_UNBANKED0      udata   0x000f60       data   0x000018
            SFR_UNBANKED1      udata   0x000f80       data   0x000080



                              Program Memory Usage 
                               Start         End      
                           ---------   ---------      
                            0x000000    0x000b36      
                            0x000b38    0x000b3b      
            2875 out of 16664 program addresses used, program memory utilization is 17%



                              Symbols - Sorted by Name
                     Name    Address   Location    Storage File                     
                ---------  ---------  ---------  --------- ---------                
                   D10K_1   0x000a5e    program     static E:\c18v3.46\pic18-lt\cxx-framework\src\traditional\delays\d10ktcyx.asm
                    D10Kl   0x000a6a    program     static E:\c18v3.46\pic18-lt\cxx-framework\src\traditional\delays\d10ktcyx.asm
                    D10Kx   0x000a5c    program     static E:\c18v3.46\pic18-lt\cxx-framework\src\traditional\delays\d10ktcyx.asm
                    D10_1   0x000b26    program     static E:\c18v3.46\pic18-lt\cxx-framework\src\traditional\delays\d10tcyx.asm
                     D10x   0x000b1e    program     static E:\c18v3.46\pic18-lt\cxx-framework\src\traditional\delays\d10tcyx.asm
             Delay10KTCYx   0x000a52    program     extern E:\c18v3.46\pic18-lt\cxx-framework\src\traditional\delays\d10ktcyx.asm
              Delay10TCYx   0x000b16    program     extern E:\c18v3.46\pic18-lt\cxx-framework\src\traditional\delays\d10tcyx.asm
                 Delay_ms   0x00039e    program     extern E:\18f4480\test_uart\lcd_driver.c
                 FLO1632S   0x00079a    program     extern E:\c18v3.46\pic18-lt\cxx-framework\src\traditional\math\cast16FP.asm
                 FLO1632U   0x000796    program     extern E:\c18v3.46\pic18-lt\cxx-framework\src\traditional\math\cast16FP.asm
                 FXD1616U   0x000aae    program     extern E:\c18v3.46\pic18-lt\cxx-framework\src\traditional\math\fxd1616u.c
                  INT3216   0x0007c0    program     extern E:\c18v3.46\pic18-lt\cxx-framework\src\traditional\math\castFP16.asm
                ReadUSART   0x000a14    program     extern E:\c18v3.46\pic18-lt\cxx-framework\src\pmc_common\USART\uread.c
               WriteUSART   0x000a80    program     extern E:\c18v3.46\pic18-lt\cxx-framework\src\pmc_common\USART\uwrite.c
       _D10KTCYXCODE_0010   0x000a62    program     static E:\c18v3.46\pic18-lt\cxx-framework\src\traditional\delays\d10ktcyx.asm
       _D10KTCYXCODE_001C   0x000a6e    program     static E:\c18v3.46\pic18-lt\cxx-framework\src\traditional\delays\d10ktcyx.asm
        _D10TCYXCODE_000A   0x000b20    program     static E:\c18v3.46\pic18-lt\cxx-framework\src\traditional\delays\d10tcyx.asm
        _D10TCYXCODE_000C   0x000b22    program     static E:\c18v3.46\pic18-lt\cxx-framework\src\traditional\delays\d10tcyx.asm
        _D10TCYXCODE_000E   0x000b24    program     static E:\c18v3.46\pic18-lt\cxx-framework\src\traditional\delays\d10tcyx.asm
                 __FpExit   0x00082a    program     extern E:\c18v3.46\pic18-lt\cxx-framework\src\traditional\math\packFP.asm
                 __FpPack   0x000856    program     extern E:\c18v3.46\pic18-lt\cxx-framework\src\traditional\math\packFP.asm
            __FpReturnNaN   0x00081e    program     extern E:\c18v3.46\pic18-lt\cxx-framework\src\traditional\math\packFP.asm
         __FpReturnNegInf   0x000830    program     extern E:\c18v3.46\pic18-lt\cxx-framework\src\traditional\math\packFP.asm
        __FpReturnNegZero   0x000848    program     extern E:\c18v3.46\pic18-lt\cxx-framework\src\traditional\math\packFP.asm
         __FpReturnPosInf   0x000836    program     extern E:\c18v3.46\pic18-lt\cxx-framework\src\traditional\math\packFP.asm
        __FpReturnPosZero   0x000850    program     extern E:\c18v3.46\pic18-lt\cxx-framework\src\traditional\math\packFP.asm
        __FpReturnSignInf   0x00082c    program     extern E:\c18v3.46\pic18-lt\cxx-framework\src\traditional\math\packFP.asm
       __FpReturnSignZero   0x000844    program     extern E:\c18v3.46\pic18-lt\cxx-framework\src\traditional\math\packFP.asm
              __FpReturnW   0x0008ae    program     extern E:\c18v3.46\pic18-lt\cxx-framework\src\traditional\math\packFP.asm
              __FpUnPackA   0x0008ce    program     extern E:\c18v3.46\pic18-lt\cxx-framework\src\traditional\math\UnpackFP.asm
              __FpUnPackB   0x0008fe    program     extern E:\c18v3.46\pic18-lt\cxx-framework\src\traditional\math\UnpackFP.asm
       ___return_lbl00000   0x000ad8    program     static                          
       ___return_lbl00000   0x000004    program     static                          
       ___return_lbl00001   0x000b14    program     static                          
       ___return_lbl00002   0x0009c6    program     static                          
                   __init   0x000b38    program     extern E:\c18v3.46\pic18-lt\cxx-framework\src\traditional\stdclib\__init.c
               __string_0   0x000b2c    program     static E:\project CODING\PIC18F4480\UART_SARATHI_CHECK.c
            __zero_memory   0x000ada    program     extern E:\c18v3.46\pic18-lt\cxx-framework\src\traditional\proc\p18f4480.asm
                _do_cinit   0x00092a    program     extern E:\c18v3.46\pic18-lt\cxx-framework\src\traditional\startup\c018i.c
                   _entry   0x000000    program     extern E:\c18v3.46\pic18-lt\cxx-framework\src\traditional\startup\c018i.c
                 _startup   0x000afa    program     extern E:\c18v3.46\pic18-lt\cxx-framework\src\traditional\startup\c018i.c
                compare_l   0x000af0    program     static E:\c18v3.46\pic18-lt\cxx-framework\src\traditional\proc\p18f4480.asm
                copy_loop   0x00099c    program     static                          
            copy_one_byte   0x0009a2    program     static                          
                  dis_cmd   0x0002e2    program     extern E:\18f4480\test_uart\lcd_driver.c
                 dis_data   0x000318    program     extern E:\18f4480\test_uart\lcd_driver.c
                     done   0x0009c6    program     static                          
             done_copying   0x0009b0    program     static                          
                  endloop   0x000ad4    program     static                          
                    jExit   0x00081c    program     static E:\c18v3.46\pic18-lt\cxx-framework\src\traditional\math\castFP16.asm
                jI2F16Beg   0x0007aa    program     static E:\c18v3.46\pic18-lt\cxx-framework\src\traditional\math\cast16FP.asm
                    jLoop   0x0007fc    program     static E:\c18v3.46\pic18-lt\cxx-framework\src\traditional\math\castFP16.asm
                jLoopExit   0x00080c    program     static E:\c18v3.46\pic18-lt\cxx-framework\src\traditional\math\castFP16.asm
                     jMax   0x0007d0    program     static E:\c18v3.46\pic18-lt\cxx-framework\src\traditional\math\castFP16.asm
                  jMaxNeg   0x0007de    program     static E:\c18v3.46\pic18-lt\cxx-framework\src\traditional\math\castFP16.asm
                  jMaxPos   0x0007d4    program     static E:\c18v3.46\pic18-lt\cxx-framework\src\traditional\math\castFP16.asm
                  jNotInf   0x0007ec    program     static E:\c18v3.46\pic18-lt\cxx-framework\src\traditional\math\castFP16.asm
                  jPkLoop   0x000864    program     static E:\c18v3.46\pic18-lt\cxx-framework\src\traditional\math\packFP.asm
             jPkRoundDone   0x0008ae    program     static E:\c18v3.46\pic18-lt\cxx-framework\src\traditional\math\packFP.asm
               jPkRoundIt   0x000896    program     static E:\c18v3.46\pic18-lt\cxx-framework\src\traditional\math\packFP.asm
             jPkShiftDone   0x000880    program     static E:\c18v3.46\pic18-lt\cxx-framework\src\traditional\math\packFP.asm
           jReturnPosInf0   0x00083a    program     static E:\c18v3.46\pic18-lt\cxx-framework\src\traditional\math\packFP.asm
                  jUnpkA1   0x0008d8    program     static E:\c18v3.46\pic18-lt\cxx-framework\src\traditional\math\UnpackFP.asm
                  jUnpkA2   0x0008f0    program     static E:\c18v3.46\pic18-lt\cxx-framework\src\traditional\math\UnpackFP.asm
                 jUnpkANZ   0x0008e6    program     static E:\c18v3.46\pic18-lt\cxx-framework\src\traditional\math\UnpackFP.asm
                  jUnpkB1   0x000908    program     static E:\c18v3.46\pic18-lt\cxx-framework\src\traditional\math\UnpackFP.asm
                  jUnpkB2   0x000920    program     static E:\c18v3.46\pic18-lt\cxx-framework\src\traditional\math\UnpackFP.asm
                 jUnpkBNZ   0x000916    program     static E:\c18v3.46\pic18-lt\cxx-framework\src\traditional\math\UnpackFP.asm
                 jUnpkNaN   0x0008fa    program     static E:\c18v3.46\pic18-lt\cxx-framework\src\traditional\math\UnpackFP.asm
                    jZero   0x0007e6    program     static E:\c18v3.46\pic18-lt\cxx-framework\src\traditional\math\castFP16.asm
               jZero1and2   0x00083e    program     static E:\c18v3.46\pic18-lt\cxx-framework\src\traditional\math\packFP.asm
               lcd_clrscr   0x00065e    program     extern E:\18f4480\test_uart\lcd_driver.c
                 lcd_goto   0x0005c6    program     extern E:\18f4480\test_uart\lcd_driver.c
             lcd_goto_pos   0x00062a    program     extern E:\18f4480\test_uart\lcd_driver.c
                 lcd_init   0x0002a8    program     extern E:\18f4480\test_uart\lcd_driver.c
            lcd_put_array   0x000586    program     extern E:\18f4480\test_uart\lcd_driver.c
                 lcd_putc   0x000450    program     extern E:\18f4480\test_uart\lcd_driver.c
                 lcd_putn   0x00046a    program     extern E:\18f4480\test_uart\lcd_driver.c
                 lcd_puts   0x000424    program     extern E:\18f4480\test_uart\lcd_driver.c
                   lcdcmd   0x00034e    program     extern E:\18f4480\test_uart\lcd_driver.c
                  lcddata   0x000376    program     extern E:\18f4480\test_uart\lcd_driver.c
                     loop   0x000b0a    program     static                          
                     loop   0x000ab8    program     static                          
                   loop_h   0x000ae8    program     static E:\c18v3.46\pic18-lt\cxx-framework\src\traditional\proc\p18f4480.asm
                   loop_l   0x000af2    program     static E:\c18v3.46\pic18-lt\cxx-framework\src\traditional\proc\p18f4480.asm
                     main   0x000670    program     extern E:\project CODING\PIC18F4480\UART_SARATHI_CHECK.c
                putsUSART   0x0009c8    program     extern E:\c18v3.46\pic18-lt\cxx-framework\src\pmc_common\USART\uputs.c
              set_lcdport   0x0002a2    program     extern E:\18f4480\test_uart\lcd_driver.c
                     test   0x000944    program     static                          
                uart_getc   0x000286    program     extern E:\18f4480\test_uart\uart_driver.c
                uart_init   0x000014    program     extern E:\18f4480\test_uart\uart_driver.c
           uart_put_array   0x000110    program     extern E:\18f4480\test_uart\uart_driver.c
                uart_putc   0x00026c    program     extern E:\18f4480\test_uart\uart_driver.c
                uart_putn   0x000150    program     extern E:\18f4480\test_uart\uart_driver.c
                uart_puts   0x0000e4    program     extern E:\18f4480\test_uart\uart_driver.c
               zero_block   0x000ae8    program     static E:\c18v3.46\pic18-lt\cxx-framework\src\traditional\proc\p18f4480.asm
                   ADCON0   0x000fc2       data     extern E:\c18v3.46\pic18-lt\cxx-framework\src\traditional\proc\p18f4480.asm
               ADCON0bits   0x000fc2       data     extern E:\c18v3.46\pic18-lt\cxx-framework\src\traditional\proc\p18f4480.asm
                   ADCON1   0x000fc1       data     extern E:\c18v3.46\pic18-lt\cxx-framework\src\traditional\proc\p18f4480.asm
               ADCON1bits   0x000fc1       data     extern E:\c18v3.46\pic18-lt\cxx-framework\src\traditional\proc\p18f4480.asm
                   ADCON2   0x000fc0       data     extern E:\c18v3.46\pic18-lt\cxx-framework\src\traditional\proc\p18f4480.asm
               ADCON2bits   0x000fc0       data     extern E:\c18v3.46\pic18-lt\cxx-framework\src\traditional\proc\p18f4480.asm
                    ADRES   0x000fc3       data     extern E:\c18v3.46\pic18-lt\cxx-framework\src\traditional\proc\p18f4480.asm
                   ADRESH   0x000fc4       data     extern E:\c18v3.46\pic18-lt\cxx-framework\src\traditional\proc\p18f4480.asm
                   ADRESL   0x000fc3       data     extern E:\c18v3.46\pic18-lt\cxx-framework\src\traditional\proc\p18f4480.asm
                    B0CON   0x000e20       data     extern E:\c18v3.46\pic18-lt\cxx-framework\src\traditional\proc\p18f4480.asm
                B0CONbits   0x000e20       data     extern E:\c18v3.46\pic18-lt\cxx-framework\src\traditional\proc\p18f4480.asm
                     B0D0   0x000e26       data     extern E:\c18v3.46\pic18-lt\cxx-framework\src\traditional\proc\p18f4480.asm
                 B0D0bits   0x000e26       data     extern E:\c18v3.46\pic18-lt\cxx-framework\src\traditional\proc\p18f4480.asm
                     B0D1   0x000e27       data     extern E:\c18v3.46\pic18-lt\cxx-framework\src\traditional\proc\p18f4480.asm
                 B0D1bits   0x000e27       data     extern E:\c18v3.46\pic18-lt\cxx-framework\src\traditional\proc\p18f4480.asm
                     B0D2   0x000e28       data     extern E:\c18v3.46\pic18-lt\cxx-framework\src\traditional\proc\p18f4480.asm
                 B0D2bits   0x000e28       data     extern E:\c18v3.46\pic18-lt\cxx-framework\src\traditional\proc\p18f4480.asm
                     B0D3   0x000e29       data     extern E:\c18v3.46\pic18-lt\cxx-framework\src\traditional\proc\p18f4480.asm
                 B0D3bits   0x000e29       data     extern E:\c18v3.46\pic18-lt\cxx-framework\src\traditional\proc\p18f4480.asm
                     B0D4   0x000e2a       data     extern E:\c18v3.46\pic18-lt\cxx-framework\src\traditional\proc\p18f4480.asm
                 B0D4bits   0x000e2a       data     extern E:\c18v3.46\pic18-lt\cxx-framework\src\traditional\proc\p18f4480.asm
                     B0D5   0x000e2b       data     extern E:\c18v3.46\pic18-lt\cxx-framework\src\traditional\proc\p18f4480.asm
                 B0D5bits   0x000e2b       data     extern E:\c18v3.46\pic18-lt\cxx-framework\src\traditional\proc\p18f4480.asm
                     B0D6   0x000e2c       data     extern E:\c18v3.46\pic18-lt\cxx-framework\src\traditional\proc\p18f4480.asm
                 B0D6bits   0x000e2c       data     extern E:\c18v3.46\pic18-lt\cxx-framework\src\traditional\proc\p18f4480.asm
                     B0D7   0x000e2d       data     extern E:\c18v3.46\pic18-lt\cxx-framework\src\traditional\proc\p18f4480.asm
                 B0D7bits   0x000e2d       data     extern E:\c18v3.46\pic18-lt\cxx-framework\src\traditional\proc\p18f4480.asm
                    B0DLC   0x000e25       data     extern E:\c18v3.46\pic18-lt\cxx-framework\src\traditional\proc\p18f4480.asm
                B0DLCbits   0x000e25       data     extern E:\c18v3.46\pic18-lt\cxx-framework\src\traditional\proc\p18f4480.asm
                   B0EIDH   0x000e23       data     extern E:\c18v3.46\pic18-lt\cxx-framework\src\traditional\proc\p18f4480.asm
               B0EIDHbits   0x000e23       data     extern E:\c18v3.46\pic18-lt\cxx-framework\src\traditional\proc\p18f4480.asm
                   B0EIDL   0x000e24       data     extern E:\c18v3.46\pic18-lt\cxx-framework\src\traditional\proc\p18f4480.asm
               B0EIDLbits   0x000e24       data     extern E:\c18v3.46\pic18-lt\cxx-framework\src\traditional\proc\p18f4480.asm
                   B0SIDH   0x000e21       data     extern E:\c18v3.46\pic18-lt\cxx-framework\src\traditional\proc\p18f4480.asm
               B0SIDHbits   0x000e21       data     extern E:\c18v3.46\pic18-lt\cxx-framework\src\traditional\proc\p18f4480.asm
                   B0SIDL   0x000e22       data     extern E:\c18v3.46\pic18-lt\cxx-framework\src\traditional\proc\p18f4480.asm
               B0SIDLbits   0x000e22       data     extern E:\c18v3.46\pic18-lt\cxx-framework\src\traditional\proc\p18f4480.asm
                    B1CON   0x000e30       data     extern E:\c18v3.46\pic18-lt\cxx-framework\src\traditional\proc\p18f4480.asm
                B1CONbits   0x000e30       data     extern E:\c18v3.46\pic18-lt\cxx-framework\src\traditional\proc\p18f4480.asm
                     B1D0   0x000e36       data     extern E:\c18v3.46\pic18-lt\cxx-framework\src\traditional\proc\p18f4480.asm
                 B1D0bits   0x000e36       data     extern E:\c18v3.46\pic18-lt\cxx-framework\src\traditional\proc\p18f4480.asm
                     B1D1   0x000e37       data     extern E:\c18v3.46\pic18-lt\cxx-framework\src\traditional\proc\p18f4480.asm
                 B1D1bits   0x000e37       data     extern E:\c18v3.46\pic18-lt\cxx-framework\src\traditional\proc\p18f4480.asm
                     B1D2   0x000e38       data     extern E:\c18v3.46\pic18-lt\cxx-framework\src\traditional\proc\p18f4480.asm
                 B1D2bits   0x000e38       data     extern E:\c18v3.46\pic18-lt\cxx-framework\src\traditional\proc\p18f4480.asm
                     B1D3   0x000e39       data     extern E:\c18v3.46\pic18-lt\cxx-framework\src\traditional\proc\p18f4480.asm
                 B1D3bits   0x000e39       data     extern E:\c18v3.46\pic18-lt\cxx-framework\src\traditional\proc\p18f4480.asm
                     B1D4   0x000e3a       data     extern E:\c18v3.46\pic18-lt\cxx-framework\src\traditional\proc\p18f4480.asm
                 B1D4bits   0x000e3a       data     extern E:\c18v3.46\pic18-lt\cxx-framework\src\traditional\proc\p18f4480.asm
                     B1D5   0x000e3b       data     extern E:\c18v3.46\pic18-lt\cxx-framework\src\traditional\proc\p18f4480.asm
                 B1D5bits   0x000e3b       data     extern E:\c18v3.46\pic18-lt\cxx-framework\src\traditional\proc\p18f4480.asm
                     B1D6   0x000e3c       data     extern E:\c18v3.46\pic18-lt\cxx-framework\src\traditional\proc\p18f4480.asm
                 B1D6bits   0x000e3c       data     extern E:\c18v3.46\pic18-lt\cxx-framework\src\traditional\proc\p18f4480.asm
                     B1D7   0x000e3d       data     extern E:\c18v3.46\pic18-lt\cxx-framework\src\traditional\proc\p18f4480.asm
                 B1D7bits   0x000e3d       data     extern E:\c18v3.46\pic18-lt\cxx-framework\src\traditional\proc\p18f4480.asm
                    B1DLC   0x000e35       data     extern E:\c18v3.46\pic18-lt\cxx-framework\src\traditional\proc\p18f4480.asm
                B1DLCbits   0x000e35       data     extern E:\c18v3.46\pic18-lt\cxx-framework\src\traditional\proc\p18f4480.asm
                   B1EIDH   0x000e33       data     extern E:\c18v3.46\pic18-lt\cxx-framework\src\traditional\proc\p18f4480.asm
               B1EIDHbits   0x000e33       data     extern E:\c18v3.46\pic18-lt\cxx-framework\src\traditional\proc\p18f4480.asm
                   B1EIDL   0x000e34       data     extern E:\c18v3.46\pic18-lt\cxx-framework\src\traditional\proc\p18f4480.asm
               B1EIDLbits   0x000e34       data     extern E:\c18v3.46\pic18-lt\cxx-framework\src\traditional\proc\p18f4480.asm
                   B1SIDH   0x000e31       data     extern E:\c18v3.46\pic18-lt\cxx-framework\src\traditional\proc\p18f4480.asm
               B1SIDHbits   0x000e31       data     extern E:\c18v3.46\pic18-lt\cxx-framework\src\traditional\proc\p18f4480.asm
                   B1SIDL   0x000e32       data     extern E:\c18v3.46\pic18-lt\cxx-framework\src\traditional\proc\p18f4480.asm
               B1SIDLbits   0x000e32       data     extern E:\c18v3.46\pic18-lt\cxx-framework\src\traditional\proc\p18f4480.asm
                    B2CON   0x000e40       data     extern E:\c18v3.46\pic18-lt\cxx-framework\src\traditional\proc\p18f4480.asm
                B2CONbits   0x000e40       data     extern E:\c18v3.46\pic18-lt\cxx-framework\src\traditional\proc\p18f4480.asm
                     B2D0   0x000e46       data     extern E:\c18v3.46\pic18-lt\cxx-framework\src\traditional\proc\p18f4480.asm
                 B2D0bits   0x000e46       data     extern E:\c18v3.46\pic18-lt\cxx-framework\src\traditional\proc\p18f4480.asm
                     B2D1   0x000e47       data     extern E:\c18v3.46\pic18-lt\cxx-framework\src\traditional\proc\p18f4480.asm
                 B2D1bits   0x000e47       data     extern E:\c18v3.46\pic18-lt\cxx-framework\src\traditional\proc\p18f4480.asm
                     B2D2   0x000e48       data     extern E:\c18v3.46\pic18-lt\cxx-framework\src\traditional\proc\p18f4480.asm
                 B2D2bits   0x000e48       data     extern E:\c18v3.46\pic18-lt\cxx-framework\src\traditional\proc\p18f4480.asm
                     B2D3   0x000e49       data     extern E:\c18v3.46\pic18-lt\cxx-framework\src\traditional\proc\p18f4480.asm
                 B2D3bits   0x000e49       data     extern E:\c18v3.46\pic18-lt\cxx-framework\src\traditional\proc\p18f4480.asm
                     B2D4   0x000e4a       data     extern E:\c18v3.46\pic18-lt\cxx-framework\src\traditional\proc\p18f4480.asm
                 B2D4bits   0x000e4a       data     extern E:\c18v3.46\pic18-lt\cxx-framework\src\traditional\proc\p18f4480.asm
                     B2D5   0x000e4b       data     extern E:\c18v3.46\pic18-lt\cxx-framework\src\traditional\proc\p18f4480.asm
                 B2D5bits   0x000e4b       data     extern E:\c18v3.46\pic18-lt\cxx-framework\src\traditional\proc\p18f4480.asm
                     B2D6   0x000e4c       data     extern E:\c18v3.46\pic18-lt\cxx-framework\src\traditional\proc\p18f4480.asm
                 B2D6bits   0x000e4c       data     extern E:\c18v3.46\pic18-lt\cxx-framework\src\traditional\proc\p18f4480.asm
                     B2D7   0x000e4d       data     extern E:\c18v3.46\pic18-lt\cxx-framework\src\traditional\proc\p18f4480.asm
                 B2D7bits   0x000e4d       data     extern E:\c18v3.46\pic18-lt\cxx-framework\src\traditional\proc\p18f4480.asm
                    B2DLC   0x000e45       data     extern E:\c18v3.46\pic18-lt\cxx-framework\src\traditional\proc\p18f4480.asm
                B2DLCbits   0x000e45       data     extern E:\c18v3.46\pic18-lt\cxx-framework\src\traditional\proc\p18f4480.asm
                   B2EIDH   0x000e43       data     extern E:\c18v3.46\pic18-lt\cxx-framework\src\traditional\proc\p18f4480.asm
               B2EIDHbits   0x000e43       data     extern E:\c18v3.46\pic18-lt\cxx-framework\src\traditional\proc\p18f4480.asm
                   B2EIDL   0x000e44       data     extern E:\c18v3.46\pic18-lt\cxx-framework\src\traditional\proc\p18f4480.asm
               B2EIDLbits   0x000e44       data     extern E:\c18v3.46\pic18-lt\cxx-framework\src\traditional\proc\p18f4480.asm
                   B2SIDH   0x000e41       data     extern E:\c18v3.46\pic18-lt\cxx-framework\src\traditional\proc\p18f4480.asm
               B2SIDHbits   0x000e41       data     extern E:\c18v3.46\pic18-lt\cxx-framework\src\traditional\proc\p18f4480.asm
                   B2SIDL   0x000e42       data     extern E:\c18v3.46\pic18-lt\cxx-framework\src\traditional\proc\p18f4480.asm
               B2SIDLbits   0x000e42       data     extern E:\c18v3.46\pic18-lt\cxx-framework\src\traditional\proc\p18f4480.asm
                    B3CON   0x000e50       data     extern E:\c18v3.46\pic18-lt\cxx-framework\src\traditional\proc\p18f4480.asm
                B3CONbits   0x000e50       data     extern E:\c18v3.46\pic18-lt\cxx-framework\src\traditional\proc\p18f4480.asm
                     B3D0   0x000e56       data     extern E:\c18v3.46\pic18-lt\cxx-framework\src\traditional\proc\p18f4480.asm
                 B3D0bits   0x000e56       data     extern E:\c18v3.46\pic18-lt\cxx-framework\src\traditional\proc\p18f4480.asm
                     B3D1   0x000e57       data     extern E:\c18v3.46\pic18-lt\cxx-framework\src\traditional\proc\p18f4480.asm
                 B3D1bits   0x000e57       data     extern E:\c18v3.46\pic18-lt\cxx-framework\src\traditional\proc\p18f4480.asm
                     B3D2   0x000e58       data     extern E:\c18v3.46\pic18-lt\cxx-framework\src\traditional\proc\p18f4480.asm
                 B3D2bits   0x000e58       data     extern E:\c18v3.46\pic18-lt\cxx-framework\src\traditional\proc\p18f4480.asm
                     B3D3   0x000e59       data     extern E:\c18v3.46\pic18-lt\cxx-framework\src\traditional\proc\p18f4480.asm
                 B3D3bits   0x000e59       data     extern E:\c18v3.46\pic18-lt\cxx-framework\src\traditional\proc\p18f4480.asm
                     B3D4   0x000e5a       data     extern E:\c18v3.46\pic18-lt\cxx-framework\src\traditional\proc\p18f4480.asm
                 B3D4bits   0x000e5a       data     extern E:\c18v3.46\pic18-lt\cxx-framework\src\traditional\proc\p18f4480.asm
                     B3D5   0x000e5b       data     extern E:\c18v3.46\pic18-lt\cxx-framework\src\traditional\proc\p18f4480.asm
                 B3D5bits   0x000e5b       data     extern E:\c18v3.46\pic18-lt\cxx-framework\src\traditional\proc\p18f4480.asm
                     B3D6   0x000e5c       data     extern E:\c18v3.46\pic18-lt\cxx-framework\src\traditional\proc\p18f4480.asm
                 B3D6bits   0x000e5c       data     extern E:\c18v3.46\pic18-lt\cxx-framework\src\traditional\proc\p18f4480.asm
                     B3D7   0x000e5d       data     extern E:\c18v3.46\pic18-lt\cxx-framework\src\traditional\proc\p18f4480.asm
                 B3D7bits   0x000e5d       data     extern E:\c18v3.46\pic18-lt\cxx-framework\src\traditional\proc\p18f4480.asm
                    B3DLC   0x000e55       data     extern E:\c18v3.46\pic18-lt\cxx-framework\src\traditional\proc\p18f4480.asm
                B3DLCbits   0x000e55       data     extern E:\c18v3.46\pic18-lt\cxx-framework\src\traditional\proc\p18f4480.asm
                   B3EIDH   0x000e53       data     extern E:\c18v3.46\pic18-lt\cxx-framework\src\traditional\proc\p18f4480.asm
               B3EIDHbits   0x000e53       data     extern E:\c18v3.46\pic18-lt\cxx-framework\src\traditional\proc\p18f4480.asm
                   B3EIDL   0x000e54       data     extern E:\c18v3.46\pic18-lt\cxx-framework\src\traditional\proc\p18f4480.asm
               B3EIDLbits   0x000e54       data     extern E:\c18v3.46\pic18-lt\cxx-framework\src\traditional\proc\p18f4480.asm
                   B3SIDH   0x000e51       data     extern E:\c18v3.46\pic18-lt\cxx-framework\src\traditional\proc\p18f4480.asm
               B3SIDHbits   0x000e51       data     extern E:\c18v3.46\pic18-lt\cxx-framework\src\traditional\proc\p18f4480.asm
                   B3SIDL   0x000e52       data     extern E:\c18v3.46\pic18-lt\cxx-framework\src\traditional\proc\p18f4480.asm
               B3SIDLbits   0x000e52       data     extern E:\c18v3.46\pic18-lt\cxx-framework\src\traditional\proc\p18f4480.asm
                    B4CON   0x000e60       data     extern E:\c18v3.46\pic18-lt\cxx-framework\src\traditional\proc\p18f4480.asm
                B4CONbits   0x000e60       data     extern E:\c18v3.46\pic18-lt\cxx-framework\src\traditional\proc\p18f4480.asm
                     B4D0   0x000e66       data     extern E:\c18v3.46\pic18-lt\cxx-framework\src\traditional\proc\p18f4480.asm
                 B4D0bits   0x000e66       data     extern E:\c18v3.46\pic18-lt\cxx-framework\src\traditional\proc\p18f4480.asm
                     B4D1   0x000e67       data     extern E:\c18v3.46\pic18-lt\cxx-framework\src\traditional\proc\p18f4480.asm
                 B4D1bits   0x000e67       data     extern E:\c18v3.46\pic18-lt\cxx-framework\src\traditional\proc\p18f4480.asm
                     B4D2   0x000e68       data     extern E:\c18v3.46\pic18-lt\cxx-framework\src\traditional\proc\p18f4480.asm
                 B4D2bits   0x000e68       data     extern E:\c18v3.46\pic18-lt\cxx-framework\src\traditional\proc\p18f4480.asm
                     B4D3   0x000e69       data     extern E:\c18v3.46\pic18-lt\cxx-framework\src\traditional\proc\p18f4480.asm
                 B4D3bits   0x000e69       data     extern E:\c18v3.46\pic18-lt\cxx-framework\src\traditional\proc\p18f4480.asm
                     B4D4   0x000e6a       data     extern E:\c18v3.46\pic18-lt\cxx-framework\src\traditional\proc\p18f4480.asm
                 B4D4bits   0x000e6a       data     extern E:\c18v3.46\pic18-lt\cxx-framework\src\traditional\proc\p18f4480.asm
                     B4D5   0x000e6b       data     extern E:\c18v3.46\pic18-lt\cxx-framework\src\traditional\proc\p18f4480.asm
                 B4D5bits   0x000e6b       data     extern E:\c18v3.46\pic18-lt\cxx-framework\src\traditional\proc\p18f4480.asm
                     B4D6   0x000e6c       data     extern E:\c18v3.46\pic18-lt\cxx-framework\src\traditional\proc\p18f4480.asm
                 B4D6bits   0x000e6c       data     extern E:\c18v3.46\pic18-lt\cxx-framework\src\traditional\proc\p18f4480.asm
                     B4D7   0x000e6d       data     extern E:\c18v3.46\pic18-lt\cxx-framework\src\traditional\proc\p18f4480.asm
                 B4D7bits   0x000e6d       data     extern E:\c18v3.46\pic18-lt\cxx-framework\src\traditional\proc\p18f4480.asm
                    B4DLC   0x000e65       data     extern E:\c18v3.46\pic18-lt\cxx-framework\src\traditional\proc\p18f4480.asm
                B4DLCbits   0x000e65       data     extern E:\c18v3.46\pic18-lt\cxx-framework\src\traditional\proc\p18f4480.asm
                   B4EIDH   0x000e63       data     extern E:\c18v3.46\pic18-lt\cxx-framework\src\traditional\proc\p18f4480.asm
               B4EIDHbits   0x000e63       data     extern E:\c18v3.46\pic18-lt\cxx-framework\src\traditional\proc\p18f4480.asm
                   B4EIDL   0x000e64       data     extern E:\c18v3.46\pic18-lt\cxx-framework\src\traditional\proc\p18f4480.asm
               B4EIDLbits   0x000e64       data     extern E:\c18v3.46\pic18-lt\cxx-framework\src\traditional\proc\p18f4480.asm
                   B4SIDH   0x000e61       data     extern E:\c18v3.46\pic18-lt\cxx-framework\src\traditional\proc\p18f4480.asm
               B4SIDHbits   0x000e61       data     extern E:\c18v3.46\pic18-lt\cxx-framework\src\traditional\proc\p18f4480.asm
                   B4SIDL   0x000e62       data     extern E:\c18v3.46\pic18-lt\cxx-framework\src\traditional\proc\p18f4480.asm
               B4SIDLbits   0x000e62       data     extern E:\c18v3.46\pic18-lt\cxx-framework\src\traditional\proc\p18f4480.asm
                    B5CON   0x000e70       data     extern E:\c18v3.46\pic18-lt\cxx-framework\src\traditional\proc\p18f4480.asm
                B5CONbits   0x000e70       data     extern E:\c18v3.46\pic18-lt\cxx-framework\src\traditional\proc\p18f4480.asm
                     B5D0   0x000e76       data     extern E:\c18v3.46\pic18-lt\cxx-framework\src\traditional\proc\p18f4480.asm
                 B5D0bits   0x000e76       data     extern E:\c18v3.46\pic18-lt\cxx-framework\src\traditional\proc\p18f4480.asm
                     B5D1   0x000e77       data     extern E:\c18v3.46\pic18-lt\cxx-framework\src\traditional\proc\p18f4480.asm
                 B5D1bits   0x000e77       data     extern E:\c18v3.46\pic18-lt\cxx-framework\src\traditional\proc\p18f4480.asm
                     B5D2   0x000e78       data     extern E:\c18v3.46\pic18-lt\cxx-framework\src\traditional\proc\p18f4480.asm
                 B5D2bits   0x000e78       data     extern E:\c18v3.46\pic18-lt\cxx-framework\src\traditional\proc\p18f4480.asm
                     B5D3   0x000e79       data     extern E:\c18v3.46\pic18-lt\cxx-framework\src\traditional\proc\p18f4480.asm
                 B5D3bits   0x000e79       data     extern E:\c18v3.46\pic18-lt\cxx-framework\src\traditional\proc\p18f4480.asm
                     B5D4   0x000e7a       data     extern E:\c18v3.46\pic18-lt\cxx-framework\src\traditional\proc\p18f4480.asm
                 B5D4bits   0x000e7a       data     extern E:\c18v3.46\pic18-lt\cxx-framework\src\traditional\proc\p18f4480.asm
                     B5D5   0x000e7b       data     extern E:\c18v3.46\pic18-lt\cxx-framework\src\traditional\proc\p18f4480.asm
                 B5D5bits   0x000e7b       data     extern E:\c18v3.46\pic18-lt\cxx-framework\src\traditional\proc\p18f4480.asm
                     B5D6   0x000e7c       data     extern E:\c18v3.46\pic18-lt\cxx-framework\src\traditional\proc\p18f4480.asm
                 B5D6bits   0x000e7c       data     extern E:\c18v3.46\pic18-lt\cxx-framework\src\traditional\proc\p18f4480.asm
                     B5D7   0x000e7d       data     extern E:\c18v3.46\pic18-lt\cxx-framework\src\traditional\proc\p18f4480.asm
                 B5D7bits   0x000e7d       data     extern E:\c18v3.46\pic18-lt\cxx-framework\src\traditional\proc\p18f4480.asm
                    B5DLC   0x000e75       data     extern E:\c18v3.46\pic18-lt\cxx-framework\src\traditional\proc\p18f4480.asm
                B5DLCbits   0x000e75       data     extern E:\c18v3.46\pic18-lt\cxx-framework\src\traditional\proc\p18f4480.asm
                   B5EIDH   0x000e73       data     extern E:\c18v3.46\pic18-lt\cxx-framework\src\traditional\proc\p18f4480.asm
               B5EIDHbits   0x000e73       data     extern E:\c18v3.46\pic18-lt\cxx-framework\src\traditional\proc\p18f4480.asm
                   B5EIDL   0x000e74       data     extern E:\c18v3.46\pic18-lt\cxx-framework\src\traditional\proc\p18f4480.asm
               B5EIDLbits   0x000e74       data     extern E:\c18v3.46\pic18-lt\cxx-framework\src\traditional\proc\p18f4480.asm
                   B5SIDH   0x000e71       data     extern E:\c18v3.46\pic18-lt\cxx-framework\src\traditional\proc\p18f4480.asm
               B5SIDHbits   0x000e71       data     extern E:\c18v3.46\pic18-lt\cxx-framework\src\traditional\proc\p18f4480.asm
                   B5SIDL   0x000e72       data     extern E:\c18v3.46\pic18-lt\cxx-framework\src\traditional\proc\p18f4480.asm
               B5SIDLbits   0x000e72       data     extern E:\c18v3.46\pic18-lt\cxx-framework\src\traditional\proc\p18f4480.asm
                  BAUDCON   0x000fb8       data     extern E:\c18v3.46\pic18-lt\cxx-framework\src\traditional\proc\p18f4480.asm
              BAUDCONbits   0x000fb8       data     extern E:\c18v3.46\pic18-lt\cxx-framework\src\traditional\proc\p18f4480.asm
                  BAUDCTL   0x000fb8       data     extern E:\c18v3.46\pic18-lt\cxx-framework\src\traditional\proc\p18f4480.asm
              BAUDCTLbits   0x000fb8       data     extern E:\c18v3.46\pic18-lt\cxx-framework\src\traditional\proc\p18f4480.asm
                     BIE0   0x000dfa       data     extern E:\c18v3.46\pic18-lt\cxx-framework\src\traditional\proc\p18f4480.asm
                 BIE0bits   0x000dfa       data     extern E:\c18v3.46\pic18-lt\cxx-framework\src\traditional\proc\p18f4480.asm
                  BRGCON1   0x000f70       data     extern E:\c18v3.46\pic18-lt\cxx-framework\src\traditional\proc\p18f4480.asm
              BRGCON1bits   0x000f70       data     extern E:\c18v3.46\pic18-lt\cxx-framework\src\traditional\proc\p18f4480.asm
                  BRGCON2   0x000f71       data     extern E:\c18v3.46\pic18-lt\cxx-framework\src\traditional\proc\p18f4480.asm
              BRGCON2bits   0x000f71       data     extern E:\c18v3.46\pic18-lt\cxx-framework\src\traditional\proc\p18f4480.asm
                  BRGCON3   0x000f72       data     extern E:\c18v3.46\pic18-lt\cxx-framework\src\traditional\proc\p18f4480.asm
              BRGCON3bits   0x000f72       data     extern E:\c18v3.46\pic18-lt\cxx-framework\src\traditional\proc\p18f4480.asm
                    BSEL0   0x000df8       data     extern E:\c18v3.46\pic18-lt\cxx-framework\src\traditional\proc\p18f4480.asm
                BSEL0bits   0x000df8       data     extern E:\c18v3.46\pic18-lt\cxx-framework\src\traditional\proc\p18f4480.asm
                      BSR   0x000fe0       data     extern E:\c18v3.46\pic18-lt\cxx-framework\src\traditional\proc\p18f4480.asm
                   CANCON   0x000f6f       data     extern E:\c18v3.46\pic18-lt\cxx-framework\src\traditional\proc\p18f4480.asm
               CANCON_RO0   0x000f5f       data     extern E:\c18v3.46\pic18-lt\cxx-framework\src\traditional\proc\p18f4480.asm
           CANCON_RO0bits   0x000f5f       data     extern E:\c18v3.46\pic18-lt\cxx-framework\src\traditional\proc\p18f4480.asm
               CANCON_RO1   0x000f4f       data     extern E:\c18v3.46\pic18-lt\cxx-framework\src\traditional\proc\p18f4480.asm
           CANCON_RO1bits   0x000f4f       data     extern E:\c18v3.46\pic18-lt\cxx-framework\src\traditional\proc\p18f4480.asm
               CANCON_RO2   0x000f3f       data     extern E:\c18v3.46\pic18-lt\cxx-framework\src\traditional\proc\p18f4480.asm
           CANCON_RO2bits   0x000f3f       data     extern E:\c18v3.46\pic18-lt\cxx-framework\src\traditional\proc\p18f4480.asm
               CANCON_RO3   0x000f2f       data     extern E:\c18v3.46\pic18-lt\cxx-framework\src\traditional\proc\p18f4480.asm
           CANCON_RO3bits   0x000f2f       data     extern E:\c18v3.46\pic18-lt\cxx-framework\src\traditional\proc\p18f4480.asm
               CANCON_RO4   0x000e7f       data     extern E:\c18v3.46\pic18-lt\cxx-framework\src\traditional\proc\p18f4480.asm
           CANCON_RO4bits   0x000e7f       data     extern E:\c18v3.46\pic18-lt\cxx-framework\src\traditional\proc\p18f4480.asm
               CANCON_RO5   0x000e6f       data     extern E:\c18v3.46\pic18-lt\cxx-framework\src\traditional\proc\p18f4480.asm
           CANCON_RO5bits   0x000e6f       data     extern E:\c18v3.46\pic18-lt\cxx-framework\src\traditional\proc\p18f4480.asm
               CANCON_RO6   0x000e5f       data     extern E:\c18v3.46\pic18-lt\cxx-framework\src\traditional\proc\p18f4480.asm
           CANCON_RO6bits   0x000e5f       data     extern E:\c18v3.46\pic18-lt\cxx-framework\src\traditional\proc\p18f4480.asm
               CANCON_RO7   0x000e4f       data     extern E:\c18v3.46\pic18-lt\cxx-framework\src\traditional\proc\p18f4480.asm
           CANCON_RO7bits   0x000e4f       data     extern E:\c18v3.46\pic18-lt\cxx-framework\src\traditional\proc\p18f4480.asm
               CANCON_RO8   0x000e3f       data     extern E:\c18v3.46\pic18-lt\cxx-framework\src\traditional\proc\p18f4480.asm
           CANCON_RO8bits   0x000e3f       data     extern E:\c18v3.46\pic18-lt\cxx-framework\src\traditional\proc\p18f4480.asm
               CANCON_RO9   0x000e2f       data     extern E:\c18v3.46\pic18-lt\cxx-framework\src\traditional\proc\p18f4480.asm
           CANCON_RO9bits   0x000e2f       data     extern E:\c18v3.46\pic18-lt\cxx-framework\src\traditional\proc\p18f4480.asm
               CANCONbits   0x000f6f       data     extern E:\c18v3.46\pic18-lt\cxx-framework\src\traditional\proc\p18f4480.asm
                  CANSTAT   0x000f6e       data     extern E:\c18v3.46\pic18-lt\cxx-framework\src\traditional\proc\p18f4480.asm
              CANSTAT_RO0   0x000f5e       data     extern E:\c18v3.46\pic18-lt\cxx-framework\src\traditional\proc\p18f4480.asm
          CANSTAT_RO0bits   0x000f5e       data     extern E:\c18v3.46\pic18-lt\cxx-framework\src\traditional\proc\p18f4480.asm
              CANSTAT_RO1   0x000f4e       data     extern E:\c18v3.46\pic18-lt\cxx-framework\src\traditional\proc\p18f4480.asm
          CANSTAT_RO1bits   0x000f4e       data     extern E:\c18v3.46\pic18-lt\cxx-framework\src\traditional\proc\p18f4480.asm
              CANSTAT_RO2   0x000f3e       data     extern E:\c18v3.46\pic18-lt\cxx-framework\src\traditional\proc\p18f4480.asm
          CANSTAT_RO2bits   0x000f3e       data     extern E:\c18v3.46\pic18-lt\cxx-framework\src\traditional\proc\p18f4480.asm
              CANSTAT_RO3   0x000f2e       data     extern E:\c18v3.46\pic18-lt\cxx-framework\src\traditional\proc\p18f4480.asm
          CANSTAT_RO3bits   0x000f2e       data     extern E:\c18v3.46\pic18-lt\cxx-framework\src\traditional\proc\p18f4480.asm
              CANSTAT_RO4   0x000e7e       data     extern E:\c18v3.46\pic18-lt\cxx-framework\src\traditional\proc\p18f4480.asm
          CANSTAT_RO4bits   0x000e7e       data     extern E:\c18v3.46\pic18-lt\cxx-framework\src\traditional\proc\p18f4480.asm
              CANSTAT_RO5   0x000e6e       data     extern E:\c18v3.46\pic18-lt\cxx-framework\src\traditional\proc\p18f4480.asm
          CANSTAT_RO5bits   0x000e6e       data     extern E:\c18v3.46\pic18-lt\cxx-framework\src\traditional\proc\p18f4480.asm
              CANSTAT_RO6   0x000e5e       data     extern E:\c18v3.46\pic18-lt\cxx-framework\src\traditional\proc\p18f4480.asm
          CANSTAT_RO6bits   0x000e5e       data     extern E:\c18v3.46\pic18-lt\cxx-framework\src\traditional\proc\p18f4480.asm
              CANSTAT_RO7   0x000e4e       data     extern E:\c18v3.46\pic18-lt\cxx-framework\src\traditional\proc\p18f4480.asm
          CANSTAT_RO7bits   0x000e4e       data     extern E:\c18v3.46\pic18-lt\cxx-framework\src\traditional\proc\p18f4480.asm
              CANSTAT_RO8   0x000e3e       data     extern E:\c18v3.46\pic18-lt\cxx-framework\src\traditional\proc\p18f4480.asm
          CANSTAT_RO8bits   0x000e3e       data     extern E:\c18v3.46\pic18-lt\cxx-framework\src\traditional\proc\p18f4480.asm
              CANSTAT_RO9   0x000e2e       data     extern E:\c18v3.46\pic18-lt\cxx-framework\src\traditional\proc\p18f4480.asm
          CANSTAT_RO9bits   0x000e2e       data     extern E:\c18v3.46\pic18-lt\cxx-framework\src\traditional\proc\p18f4480.asm
              CANSTATbits   0x000f6e       data     extern E:\c18v3.46\pic18-lt\cxx-framework\src\traditional\proc\p18f4480.asm
                  CCP1CON   0x000fbd       data     extern E:\c18v3.46\pic18-lt\cxx-framework\src\traditional\proc\p18f4480.asm
              CCP1CONbits   0x000fbd       data     extern E:\c18v3.46\pic18-lt\cxx-framework\src\traditional\proc\p18f4480.asm
                    CCPR1   0x000fbe       data     extern E:\c18v3.46\pic18-lt\cxx-framework\src\traditional\proc\p18f4480.asm
                   CCPR1H   0x000fbf       data     extern E:\c18v3.46\pic18-lt\cxx-framework\src\traditional\proc\p18f4480.asm
                   CCPR1L   0x000fbe       data     extern E:\c18v3.46\pic18-lt\cxx-framework\src\traditional\proc\p18f4480.asm
                   CIOCON   0x000f73       data     extern E:\c18v3.46\pic18-lt\cxx-framework\src\traditional\proc\p18f4480.asm
               CIOCONbits   0x000f73       data     extern E:\c18v3.46\pic18-lt\cxx-framework\src\traditional\proc\p18f4480.asm
                    CMCON   0x000fb4       data     extern E:\c18v3.46\pic18-lt\cxx-framework\src\traditional\proc\p18f4480.asm
                CMCONbits   0x000fb4       data     extern E:\c18v3.46\pic18-lt\cxx-framework\src\traditional\proc\p18f4480.asm
                  COMSTAT   0x000f74       data     extern E:\c18v3.46\pic18-lt\cxx-framework\src\traditional\proc\p18f4480.asm
              COMSTATbits   0x000f74       data     extern E:\c18v3.46\pic18-lt\cxx-framework\src\traditional\proc\p18f4480.asm
                   CVRCON   0x000fb5       data     extern E:\c18v3.46\pic18-lt\cxx-framework\src\traditional\proc\p18f4480.asm
               CVRCONbits   0x000fb5       data     extern E:\c18v3.46\pic18-lt\cxx-framework\src\traditional\proc\p18f4480.asm
                     DDRA   0x000f92       data     extern E:\c18v3.46\pic18-lt\cxx-framework\src\traditional\proc\p18f4480.asm
                 DDRAbits   0x000f92       data     extern E:\c18v3.46\pic18-lt\cxx-framework\src\traditional\proc\p18f4480.asm
                     DDRB   0x000f93       data     extern E:\c18v3.46\pic18-lt\cxx-framework\src\traditional\proc\p18f4480.asm
                 DDRBbits   0x000f93       data     extern E:\c18v3.46\pic18-lt\cxx-framework\src\traditional\proc\p18f4480.asm
                     DDRC   0x000f94       data     extern E:\c18v3.46\pic18-lt\cxx-framework\src\traditional\proc\p18f4480.asm
                 DDRCbits   0x000f94       data     extern E:\c18v3.46\pic18-lt\cxx-framework\src\traditional\proc\p18f4480.asm
                     DDRD   0x000f95       data     extern E:\c18v3.46\pic18-lt\cxx-framework\src\traditional\proc\p18f4480.asm
                 DDRDbits   0x000f95       data     extern E:\c18v3.46\pic18-lt\cxx-framework\src\traditional\proc\p18f4480.asm
                     DDRE   0x000f96       data     extern E:\c18v3.46\pic18-lt\cxx-framework\src\traditional\proc\p18f4480.asm
                 DDREbits   0x000f96       data     extern E:\c18v3.46\pic18-lt\cxx-framework\src\traditional\proc\p18f4480.asm
            DelayCounter1   0x000019       data     extern E:\c18v3.46\pic18-lt\cxx-framework\src\traditional\delays\delayd1.asm
            DelayCounter2   0x000018       data     extern E:\c18v3.46\pic18-lt\cxx-framework\src\traditional\delays\delayd2.asm
                  ECANCON   0x000f77       data     extern E:\c18v3.46\pic18-lt\cxx-framework\src\traditional\proc\p18f4480.asm
              ECANCONbits   0x000f77       data     extern E:\c18v3.46\pic18-lt\cxx-framework\src\traditional\proc\p18f4480.asm
                  ECCP1AS   0x000fb6       data     extern E:\c18v3.46\pic18-lt\cxx-framework\src\traditional\proc\p18f4480.asm
              ECCP1ASbits   0x000fb6       data     extern E:\c18v3.46\pic18-lt\cxx-framework\src\traditional\proc\p18f4480.asm
                 ECCP1CON   0x000fba       data     extern E:\c18v3.46\pic18-lt\cxx-framework\src\traditional\proc\p18f4480.asm
             ECCP1CONbits   0x000fba       data     extern E:\c18v3.46\pic18-lt\cxx-framework\src\traditional\proc\p18f4480.asm
                 ECCP1DEL   0x000fb7       data     extern E:\c18v3.46\pic18-lt\cxx-framework\src\traditional\proc\p18f4480.asm
             ECCP1DELbits   0x000fb7       data     extern E:\c18v3.46\pic18-lt\cxx-framework\src\traditional\proc\p18f4480.asm
                   ECCPR1   0x000fbb       data     extern E:\c18v3.46\pic18-lt\cxx-framework\src\traditional\proc\p18f4480.asm
                  ECCPR1H   0x000fbc       data     extern E:\c18v3.46\pic18-lt\cxx-framework\src\traditional\proc\p18f4480.asm
                  ECCPR1L   0x000fbb       data     extern E:\c18v3.46\pic18-lt\cxx-framework\src\traditional\proc\p18f4480.asm
                    EEADR   0x000fa9       data     extern E:\c18v3.46\pic18-lt\cxx-framework\src\traditional\proc\p18f4480.asm
                   EECON1   0x000fa6       data     extern E:\c18v3.46\pic18-lt\cxx-framework\src\traditional\proc\p18f4480.asm
               EECON1bits   0x000fa6       data     extern E:\c18v3.46\pic18-lt\cxx-framework\src\traditional\proc\p18f4480.asm
                   EECON2   0x000fa7       data     extern E:\c18v3.46\pic18-lt\cxx-framework\src\traditional\proc\p18f4480.asm
                   EEDATA   0x000fa8       data     extern E:\c18v3.46\pic18-lt\cxx-framework\src\traditional\proc\p18f4480.asm
                     FSR0   0x000fe9       data     extern E:\c18v3.46\pic18-lt\cxx-framework\src\traditional\proc\p18f4480.asm
                    FSR0H   0x000fea       data     extern E:\c18v3.46\pic18-lt\cxx-framework\src\traditional\proc\p18f4480.asm
                    FSR0L   0x000fe9       data     extern E:\c18v3.46\pic18-lt\cxx-framework\src\traditional\proc\p18f4480.asm
                     FSR1   0x000fe1       data     extern E:\c18v3.46\pic18-lt\cxx-framework\src\traditional\proc\p18f4480.asm
                    FSR1H   0x000fe2       data     extern E:\c18v3.46\pic18-lt\cxx-framework\src\traditional\proc\p18f4480.asm
                    FSR1L   0x000fe1       data     extern E:\c18v3.46\pic18-lt\cxx-framework\src\traditional\proc\p18f4480.asm
                     FSR2   0x000fd9       data     extern E:\c18v3.46\pic18-lt\cxx-framework\src\traditional\proc\p18f4480.asm
                    FSR2H   0x000fda       data     extern E:\c18v3.46\pic18-lt\cxx-framework\src\traditional\proc\p18f4480.asm
                    FSR2L   0x000fd9       data     extern E:\c18v3.46\pic18-lt\cxx-framework\src\traditional\proc\p18f4480.asm
                  HLVDCON   0x000fd2       data     extern E:\c18v3.46\pic18-lt\cxx-framework\src\traditional\proc\p18f4480.asm
              HLVDCONbits   0x000fd2       data     extern E:\c18v3.46\pic18-lt\cxx-framework\src\traditional\proc\p18f4480.asm
                    INDF0   0x000fef       data     extern E:\c18v3.46\pic18-lt\cxx-framework\src\traditional\proc\p18f4480.asm
                    INDF1   0x000fe7       data     extern E:\c18v3.46\pic18-lt\cxx-framework\src\traditional\proc\p18f4480.asm
                    INDF2   0x000fdf       data     extern E:\c18v3.46\pic18-lt\cxx-framework\src\traditional\proc\p18f4480.asm
                   INTCON   0x000ff2       data     extern E:\c18v3.46\pic18-lt\cxx-framework\src\traditional\proc\p18f4480.asm
                  INTCON2   0x000ff1       data     extern E:\c18v3.46\pic18-lt\cxx-framework\src\traditional\proc\p18f4480.asm
              INTCON2bits   0x000ff1       data     extern E:\c18v3.46\pic18-lt\cxx-framework\src\traditional\proc\p18f4480.asm
                  INTCON3   0x000ff0       data     extern E:\c18v3.46\pic18-lt\cxx-framework\src\traditional\proc\p18f4480.asm
              INTCON3bits   0x000ff0       data     extern E:\c18v3.46\pic18-lt\cxx-framework\src\traditional\proc\p18f4480.asm
               INTCONbits   0x000ff2       data     extern E:\c18v3.46\pic18-lt\cxx-framework\src\traditional\proc\p18f4480.asm
                     IPR1   0x000f9f       data     extern E:\c18v3.46\pic18-lt\cxx-framework\src\traditional\proc\p18f4480.asm
                 IPR1bits   0x000f9f       data     extern E:\c18v3.46\pic18-lt\cxx-framework\src\traditional\proc\p18f4480.asm
                     IPR2   0x000fa2       data     extern E:\c18v3.46\pic18-lt\cxx-framework\src\traditional\proc\p18f4480.asm
                 IPR2bits   0x000fa2       data     extern E:\c18v3.46\pic18-lt\cxx-framework\src\traditional\proc\p18f4480.asm
                     IPR3   0x000fa5       data     extern E:\c18v3.46\pic18-lt\cxx-framework\src\traditional\proc\p18f4480.asm
                 IPR3bits   0x000fa5       data     extern E:\c18v3.46\pic18-lt\cxx-framework\src\traditional\proc\p18f4480.asm
                     LATA   0x000f89       data     extern E:\c18v3.46\pic18-lt\cxx-framework\src\traditional\proc\p18f4480.asm
                 LATAbits   0x000f89       data     extern E:\c18v3.46\pic18-lt\cxx-framework\src\traditional\proc\p18f4480.asm
                     LATB   0x000f8a       data     extern E:\c18v3.46\pic18-lt\cxx-framework\src\traditional\proc\p18f4480.asm
                 LATBbits   0x000f8a       data     extern E:\c18v3.46\pic18-lt\cxx-framework\src\traditional\proc\p18f4480.asm
                     LATC   0x000f8b       data     extern E:\c18v3.46\pic18-lt\cxx-framework\src\traditional\proc\p18f4480.asm
                 LATCbits   0x000f8b       data     extern E:\c18v3.46\pic18-lt\cxx-framework\src\traditional\proc\p18f4480.asm
                     LATD   0x000f8c       data     extern E:\c18v3.46\pic18-lt\cxx-framework\src\traditional\proc\p18f4480.asm
                 LATDbits   0x000f8c       data     extern E:\c18v3.46\pic18-lt\cxx-framework\src\traditional\proc\p18f4480.asm
                     LATE   0x000f8d       data     extern E:\c18v3.46\pic18-lt\cxx-framework\src\traditional\proc\p18f4480.asm
                 LATEbits   0x000f8d       data     extern E:\c18v3.46\pic18-lt\cxx-framework\src\traditional\proc\p18f4480.asm
                   LVDCON   0x000fd2       data     extern E:\c18v3.46\pic18-lt\cxx-framework\src\traditional\proc\p18f4480.asm
               LVDCONbits   0x000fd2       data     extern E:\c18v3.46\pic18-lt\cxx-framework\src\traditional\proc\p18f4480.asm
                    MSEL0   0x000df0       data     extern E:\c18v3.46\pic18-lt\cxx-framework\src\traditional\proc\p18f4480.asm
                MSEL0bits   0x000df0       data     extern E:\c18v3.46\pic18-lt\cxx-framework\src\traditional\proc\p18f4480.asm
                    MSEL1   0x000df1       data     extern E:\c18v3.46\pic18-lt\cxx-framework\src\traditional\proc\p18f4480.asm
                MSEL1bits   0x000df1       data     extern E:\c18v3.46\pic18-lt\cxx-framework\src\traditional\proc\p18f4480.asm
                    MSEL2   0x000df2       data     extern E:\c18v3.46\pic18-lt\cxx-framework\src\traditional\proc\p18f4480.asm
                MSEL2bits   0x000df2       data     extern E:\c18v3.46\pic18-lt\cxx-framework\src\traditional\proc\p18f4480.asm
                    MSEL3   0x000df3       data     extern E:\c18v3.46\pic18-lt\cxx-framework\src\traditional\proc\p18f4480.asm
                MSEL3bits   0x000df3       data     extern E:\c18v3.46\pic18-lt\cxx-framework\src\traditional\proc\p18f4480.asm
                   OSCCON   0x000fd3       data     extern E:\c18v3.46\pic18-lt\cxx-framework\src\traditional\proc\p18f4480.asm
               OSCCONbits   0x000fd3       data     extern E:\c18v3.46\pic18-lt\cxx-framework\src\traditional\proc\p18f4480.asm
                  OSCTUNE   0x000f9b       data     extern E:\c18v3.46\pic18-lt\cxx-framework\src\traditional\proc\p18f4480.asm
              OSCTUNEbits   0x000f9b       data     extern E:\c18v3.46\pic18-lt\cxx-framework\src\traditional\proc\p18f4480.asm
                       PC   0x000ff9       data     extern E:\c18v3.46\pic18-lt\cxx-framework\src\traditional\proc\p18f4480.asm
                      PCL   0x000ff9       data     extern E:\c18v3.46\pic18-lt\cxx-framework\src\traditional\proc\p18f4480.asm
                   PCLATH   0x000ffa       data     extern E:\c18v3.46\pic18-lt\cxx-framework\src\traditional\proc\p18f4480.asm
                   PCLATU   0x000ffb       data     extern E:\c18v3.46\pic18-lt\cxx-framework\src\traditional\proc\p18f4480.asm
                     PIE1   0x000f9d       data     extern E:\c18v3.46\pic18-lt\cxx-framework\src\traditional\proc\p18f4480.asm
                 PIE1bits   0x000f9d       data     extern E:\c18v3.46\pic18-lt\cxx-framework\src\traditional\proc\p18f4480.asm
                     PIE2   0x000fa0       data     extern E:\c18v3.46\pic18-lt\cxx-framework\src\traditional\proc\p18f4480.asm
                 PIE2bits   0x000fa0       data     extern E:\c18v3.46\pic18-lt\cxx-framework\src\traditional\proc\p18f4480.asm
                     PIE3   0x000fa3       data     extern E:\c18v3.46\pic18-lt\cxx-framework\src\traditional\proc\p18f4480.asm
                 PIE3bits   0x000fa3       data     extern E:\c18v3.46\pic18-lt\cxx-framework\src\traditional\proc\p18f4480.asm
                     PIR1   0x000f9e       data     extern E:\c18v3.46\pic18-lt\cxx-framework\src\traditional\proc\p18f4480.asm
                 PIR1bits   0x000f9e       data     extern E:\c18v3.46\pic18-lt\cxx-framework\src\traditional\proc\p18f4480.asm
                     PIR2   0x000fa1       data     extern E:\c18v3.46\pic18-lt\cxx-framework\src\traditional\proc\p18f4480.asm
                 PIR2bits   0x000fa1       data     extern E:\c18v3.46\pic18-lt\cxx-framework\src\traditional\proc\p18f4480.asm
                     PIR3   0x000fa4       data     extern E:\c18v3.46\pic18-lt\cxx-framework\src\traditional\proc\p18f4480.asm
                 PIR3bits   0x000fa4       data     extern E:\c18v3.46\pic18-lt\cxx-framework\src\traditional\proc\p18f4480.asm
                   PLUSW0   0x000feb       data     extern E:\c18v3.46\pic18-lt\cxx-framework\src\traditional\proc\p18f4480.asm
                   PLUSW1   0x000fe3       data     extern E:\c18v3.46\pic18-lt\cxx-framework\src\traditional\proc\p18f4480.asm
                   PLUSW2   0x000fdb       data     extern E:\c18v3.46\pic18-lt\cxx-framework\src\traditional\proc\p18f4480.asm
                    PORTA   0x000f80       data     extern E:\c18v3.46\pic18-lt\cxx-framework\src\traditional\proc\p18f4480.asm
                PORTAbits   0x000f80       data     extern E:\c18v3.46\pic18-lt\cxx-framework\src\traditional\proc\p18f4480.asm
                    PORTB   0x000f81       data     extern E:\c18v3.46\pic18-lt\cxx-framework\src\traditional\proc\p18f4480.asm
                PORTBbits   0x000f81       data     extern E:\c18v3.46\pic18-lt\cxx-framework\src\traditional\proc\p18f4480.asm
                    PORTC   0x000f82       data     extern E:\c18v3.46\pic18-lt\cxx-framework\src\traditional\proc\p18f4480.asm
                PORTCbits   0x000f82       data     extern E:\c18v3.46\pic18-lt\cxx-framework\src\traditional\proc\p18f4480.asm
                    PORTD   0x000f83       data     extern E:\c18v3.46\pic18-lt\cxx-framework\src\traditional\proc\p18f4480.asm
                PORTDbits   0x000f83       data     extern E:\c18v3.46\pic18-lt\cxx-framework\src\traditional\proc\p18f4480.asm
                    PORTE   0x000f84       data     extern E:\c18v3.46\pic18-lt\cxx-framework\src\traditional\proc\p18f4480.asm
                PORTEbits   0x000f84       data     extern E:\c18v3.46\pic18-lt\cxx-framework\src\traditional\proc\p18f4480.asm
                 POSTDEC0   0x000fed       data     extern E:\c18v3.46\pic18-lt\cxx-framework\src\traditional\proc\p18f4480.asm
                 POSTDEC1   0x000fe5       data     extern E:\c18v3.46\pic18-lt\cxx-framework\src\traditional\proc\p18f4480.asm
                 POSTDEC2   0x000fdd       data     extern E:\c18v3.46\pic18-lt\cxx-framework\src\traditional\proc\p18f4480.asm
                 POSTINC0   0x000fee       data     extern E:\c18v3.46\pic18-lt\cxx-framework\src\traditional\proc\p18f4480.asm
                 POSTINC1   0x000fe6       data     extern E:\c18v3.46\pic18-lt\cxx-framework\src\traditional\proc\p18f4480.asm
                 POSTINC2   0x000fde       data     extern E:\c18v3.46\pic18-lt\cxx-framework\src\traditional\proc\p18f4480.asm
                      PR2   0x000fcb       data     extern E:\c18v3.46\pic18-lt\cxx-framework\src\traditional\proc\p18f4480.asm
                  PREINC0   0x000fec       data     extern E:\c18v3.46\pic18-lt\cxx-framework\src\traditional\proc\p18f4480.asm
                  PREINC1   0x000fe4       data     extern E:\c18v3.46\pic18-lt\cxx-framework\src\traditional\proc\p18f4480.asm
                  PREINC2   0x000fdc       data     extern E:\c18v3.46\pic18-lt\cxx-framework\src\traditional\proc\p18f4480.asm
                     PROD   0x000ff3       data     extern E:\c18v3.46\pic18-lt\cxx-framework\src\traditional\proc\p18f4480.asm
                    PRODH   0x000ff4       data     extern E:\c18v3.46\pic18-lt\cxx-framework\src\traditional\proc\p18f4480.asm
                    PRODL   0x000ff3       data     extern E:\c18v3.46\pic18-lt\cxx-framework\src\traditional\proc\p18f4480.asm
                     RCON   0x000fd0       data     extern E:\c18v3.46\pic18-lt\cxx-framework\src\traditional\proc\p18f4480.asm
                 RCONbits   0x000fd0       data     extern E:\c18v3.46\pic18-lt\cxx-framework\src\traditional\proc\p18f4480.asm
                    RCREG   0x000fae       data     extern E:\c18v3.46\pic18-lt\cxx-framework\src\traditional\proc\p18f4480.asm
                    RCSTA   0x000fab       data     extern E:\c18v3.46\pic18-lt\cxx-framework\src\traditional\proc\p18f4480.asm
                RCSTAbits   0x000fab       data     extern E:\c18v3.46\pic18-lt\cxx-framework\src\traditional\proc\p18f4480.asm
                  RXB0CON   0x000f60       data     extern E:\c18v3.46\pic18-lt\cxx-framework\src\traditional\proc\p18f4480.asm
              RXB0CONbits   0x000f60       data     extern E:\c18v3.46\pic18-lt\cxx-framework\src\traditional\proc\p18f4480.asm
                   RXB0D0   0x000f66       data     extern E:\c18v3.46\pic18-lt\cxx-framework\src\traditional\proc\p18f4480.asm
               RXB0D0bits   0x000f66       data     extern E:\c18v3.46\pic18-lt\cxx-framework\src\traditional\proc\p18f4480.asm
                   RXB0D1   0x000f67       data     extern E:\c18v3.46\pic18-lt\cxx-framework\src\traditional\proc\p18f4480.asm
               RXB0D1bits   0x000f67       data     extern E:\c18v3.46\pic18-lt\cxx-framework\src\traditional\proc\p18f4480.asm
                   RXB0D2   0x000f68       data     extern E:\c18v3.46\pic18-lt\cxx-framework\src\traditional\proc\p18f4480.asm
               RXB0D2bits   0x000f68       data     extern E:\c18v3.46\pic18-lt\cxx-framework\src\traditional\proc\p18f4480.asm
                   RXB0D3   0x000f69       data     extern E:\c18v3.46\pic18-lt\cxx-framework\src\traditional\proc\p18f4480.asm
               RXB0D3bits   0x000f69       data     extern E:\c18v3.46\pic18-lt\cxx-framework\src\traditional\proc\p18f4480.asm
                   RXB0D4   0x000f6a       data     extern E:\c18v3.46\pic18-lt\cxx-framework\src\traditional\proc\p18f4480.asm
               RXB0D4bits   0x000f6a       data     extern E:\c18v3.46\pic18-lt\cxx-framework\src\traditional\proc\p18f4480.asm
                   RXB0D5   0x000f6b       data     extern E:\c18v3.46\pic18-lt\cxx-framework\src\traditional\proc\p18f4480.asm
               RXB0D5bits   0x000f6b       data     extern E:\c18v3.46\pic18-lt\cxx-framework\src\traditional\proc\p18f4480.asm
                   RXB0D6   0x000f6c       data     extern E:\c18v3.46\pic18-lt\cxx-framework\src\traditional\proc\p18f4480.asm
               RXB0D6bits   0x000f6c       data     extern E:\c18v3.46\pic18-lt\cxx-framework\src\traditional\proc\p18f4480.asm
                   RXB0D7   0x000f6d       data     extern E:\c18v3.46\pic18-lt\cxx-framework\src\traditional\proc\p18f4480.asm
               RXB0D7bits   0x000f6d       data     extern E:\c18v3.46\pic18-lt\cxx-framework\src\traditional\proc\p18f4480.asm
                  RXB0DLC   0x000f65       data     extern E:\c18v3.46\pic18-lt\cxx-framework\src\traditional\proc\p18f4480.asm
              RXB0DLCbits   0x000f65       data     extern E:\c18v3.46\pic18-lt\cxx-framework\src\traditional\proc\p18f4480.asm
                 RXB0EIDH   0x000f63       data     extern E:\c18v3.46\pic18-lt\cxx-framework\src\traditional\proc\p18f4480.asm
             RXB0EIDHbits   0x000f63       data     extern E:\c18v3.46\pic18-lt\cxx-framework\src\traditional\proc\p18f4480.asm
                 RXB0EIDL   0x000f64       data     extern E:\c18v3.46\pic18-lt\cxx-framework\src\traditional\proc\p18f4480.asm
             RXB0EIDLbits   0x000f64       data     extern E:\c18v3.46\pic18-lt\cxx-framework\src\traditional\proc\p18f4480.asm
                 RXB0SIDH   0x000f61       data     extern E:\c18v3.46\pic18-lt\cxx-framework\src\traditional\proc\p18f4480.asm
             RXB0SIDHbits   0x000f61       data     extern E:\c18v3.46\pic18-lt\cxx-framework\src\traditional\proc\p18f4480.asm
                 RXB0SIDL   0x000f62       data     extern E:\c18v3.46\pic18-lt\cxx-framework\src\traditional\proc\p18f4480.asm
             RXB0SIDLbits   0x000f62       data     extern E:\c18v3.46\pic18-lt\cxx-framework\src\traditional\proc\p18f4480.asm
                  RXB1CON   0x000f50       data     extern E:\c18v3.46\pic18-lt\cxx-framework\src\traditional\proc\p18f4480.asm
              RXB1CONbits   0x000f50       data     extern E:\c18v3.46\pic18-lt\cxx-framework\src\traditional\proc\p18f4480.asm
                   RXB1D0   0x000f56       data     extern E:\c18v3.46\pic18-lt\cxx-framework\src\traditional\proc\p18f4480.asm
               RXB1D0bits   0x000f56       data     extern E:\c18v3.46\pic18-lt\cxx-framework\src\traditional\proc\p18f4480.asm
                   RXB1D1   0x000f57       data     extern E:\c18v3.46\pic18-lt\cxx-framework\src\traditional\proc\p18f4480.asm
               RXB1D1bits   0x000f57       data     extern E:\c18v3.46\pic18-lt\cxx-framework\src\traditional\proc\p18f4480.asm
                   RXB1D2   0x000f58       data     extern E:\c18v3.46\pic18-lt\cxx-framework\src\traditional\proc\p18f4480.asm
               RXB1D2bits   0x000f58       data     extern E:\c18v3.46\pic18-lt\cxx-framework\src\traditional\proc\p18f4480.asm
                   RXB1D3   0x000f59       data     extern E:\c18v3.46\pic18-lt\cxx-framework\src\traditional\proc\p18f4480.asm
               RXB1D3bits   0x000f59       data     extern E:\c18v3.46\pic18-lt\cxx-framework\src\traditional\proc\p18f4480.asm
                   RXB1D4   0x000f5a       data     extern E:\c18v3.46\pic18-lt\cxx-framework\src\traditional\proc\p18f4480.asm
               RXB1D4bits   0x000f5a       data     extern E:\c18v3.46\pic18-lt\cxx-framework\src\traditional\proc\p18f4480.asm
                   RXB1D5   0x000f5b       data     extern E:\c18v3.46\pic18-lt\cxx-framework\src\traditional\proc\p18f4480.asm
               RXB1D5bits   0x000f5b       data     extern E:\c18v3.46\pic18-lt\cxx-framework\src\traditional\proc\p18f4480.asm
                   RXB1D6   0x000f5c       data     extern E:\c18v3.46\pic18-lt\cxx-framework\src\traditional\proc\p18f4480.asm
               RXB1D6bits   0x000f5c       data     extern E:\c18v3.46\pic18-lt\cxx-framework\src\traditional\proc\p18f4480.asm
                   RXB1D7   0x000f5d       data     extern E:\c18v3.46\pic18-lt\cxx-framework\src\traditional\proc\p18f4480.asm
               RXB1D7bits   0x000f5d       data     extern E:\c18v3.46\pic18-lt\cxx-framework\src\traditional\proc\p18f4480.asm
                  RXB1DLC   0x000f55       data     extern E:\c18v3.46\pic18-lt\cxx-framework\src\traditional\proc\p18f4480.asm
              RXB1DLCbits   0x000f55       data     extern E:\c18v3.46\pic18-lt\cxx-framework\src\traditional\proc\p18f4480.asm
                 RXB1EIDH   0x000f53       data     extern E:\c18v3.46\pic18-lt\cxx-framework\src\traditional\proc\p18f4480.asm
             RXB1EIDHbits   0x000f53       data     extern E:\c18v3.46\pic18-lt\cxx-framework\src\traditional\proc\p18f4480.asm
                 RXB1EIDL   0x000f54       data     extern E:\c18v3.46\pic18-lt\cxx-framework\src\traditional\proc\p18f4480.asm
             RXB1EIDLbits   0x000f54       data     extern E:\c18v3.46\pic18-lt\cxx-framework\src\traditional\proc\p18f4480.asm
                 RXB1SIDH   0x000f51       data     extern E:\c18v3.46\pic18-lt\cxx-framework\src\traditional\proc\p18f4480.asm
             RXB1SIDHbits   0x000f51       data     extern E:\c18v3.46\pic18-lt\cxx-framework\src\traditional\proc\p18f4480.asm
                 RXB1SIDL   0x000f52       data     extern E:\c18v3.46\pic18-lt\cxx-framework\src\traditional\proc\p18f4480.asm
             RXB1SIDLbits   0x000f52       data     extern E:\c18v3.46\pic18-lt\cxx-framework\src\traditional\proc\p18f4480.asm
                 RXERRCNT   0x000f75       data     extern E:\c18v3.46\pic18-lt\cxx-framework\src\traditional\proc\p18f4480.asm
             RXERRCNTbits   0x000f75       data     extern E:\c18v3.46\pic18-lt\cxx-framework\src\traditional\proc\p18f4480.asm
                 RXF0EIDH   0x000f02       data     extern E:\c18v3.46\pic18-lt\cxx-framework\src\traditional\proc\p18f4480.asm
             RXF0EIDHbits   0x000f02       data     extern E:\c18v3.46\pic18-lt\cxx-framework\src\traditional\proc\p18f4480.asm
                 RXF0EIDL   0x000f03       data     extern E:\c18v3.46\pic18-lt\cxx-framework\src\traditional\proc\p18f4480.asm
             RXF0EIDLbits   0x000f03       data     extern E:\c18v3.46\pic18-lt\cxx-framework\src\traditional\proc\p18f4480.asm
                 RXF0SIDH   0x000f00       data     extern E:\c18v3.46\pic18-lt\cxx-framework\src\traditional\proc\p18f4480.asm
             RXF0SIDHbits   0x000f00       data     extern E:\c18v3.46\pic18-lt\cxx-framework\src\traditional\proc\p18f4480.asm
                 RXF0SIDL   0x000f01       data     extern E:\c18v3.46\pic18-lt\cxx-framework\src\traditional\proc\p18f4480.asm
             RXF0SIDLbits   0x000f01       data     extern E:\c18v3.46\pic18-lt\cxx-framework\src\traditional\proc\p18f4480.asm
                RXF10EIDH   0x000d76       data     extern E:\c18v3.46\pic18-lt\cxx-framework\src\traditional\proc\p18f4480.asm
            RXF10EIDHbits   0x000d76       data     extern E:\c18v3.46\pic18-lt\cxx-framework\src\traditional\proc\p18f4480.asm
                RXF10EIDL   0x000d77       data     extern E:\c18v3.46\pic18-lt\cxx-framework\src\traditional\proc\p18f4480.asm
            RXF10EIDLbits   0x000d77       data     extern E:\c18v3.46\pic18-lt\cxx-framework\src\traditional\proc\p18f4480.asm
                RXF10SIDH   0x000d74       data     extern E:\c18v3.46\pic18-lt\cxx-framework\src\traditional\proc\p18f4480.asm
            RXF10SIDHbits   0x000d74       data     extern E:\c18v3.46\pic18-lt\cxx-framework\src\traditional\proc\p18f4480.asm
                RXF10SIDL   0x000d75       data     extern E:\c18v3.46\pic18-lt\cxx-framework\src\traditional\proc\p18f4480.asm
            RXF10SIDLbits   0x000d75       data     extern E:\c18v3.46\pic18-lt\cxx-framework\src\traditional\proc\p18f4480.asm
                RXF11EIDH   0x000d7a       data     extern E:\c18v3.46\pic18-lt\cxx-framework\src\traditional\proc\p18f4480.asm
            RXF11EIDHbits   0x000d7a       data     extern E:\c18v3.46\pic18-lt\cxx-framework\src\traditional\proc\p18f4480.asm
                RXF11EIDL   0x000d7b       data     extern E:\c18v3.46\pic18-lt\cxx-framework\src\traditional\proc\p18f4480.asm
            RXF11EIDLbits   0x000d7b       data     extern E:\c18v3.46\pic18-lt\cxx-framework\src\traditional\proc\p18f4480.asm
                RXF11SIDH   0x000d78       data     extern E:\c18v3.46\pic18-lt\cxx-framework\src\traditional\proc\p18f4480.asm
            RXF11SIDHbits   0x000d78       data     extern E:\c18v3.46\pic18-lt\cxx-framework\src\traditional\proc\p18f4480.asm
                RXF11SIDL   0x000d79       data     extern E:\c18v3.46\pic18-lt\cxx-framework\src\traditional\proc\p18f4480.asm
            RXF11SIDLbits   0x000d79       data     extern E:\c18v3.46\pic18-lt\cxx-framework\src\traditional\proc\p18f4480.asm
                RXF12EIDH   0x000d82       data     extern E:\c18v3.46\pic18-lt\cxx-framework\src\traditional\proc\p18f4480.asm
            RXF12EIDHbits   0x000d82       data     extern E:\c18v3.46\pic18-lt\cxx-framework\src\traditional\proc\p18f4480.asm
                RXF12EIDL   0x000d83       data     extern E:\c18v3.46\pic18-lt\cxx-framework\src\traditional\proc\p18f4480.asm
            RXF12EIDLbits   0x000d83       data     extern E:\c18v3.46\pic18-lt\cxx-framework\src\traditional\proc\p18f4480.asm
                RXF12SIDH   0x000d80       data     extern E:\c18v3.46\pic18-lt\cxx-framework\src\traditional\proc\p18f4480.asm
            RXF12SIDHbits   0x000d80       data     extern E:\c18v3.46\pic18-lt\cxx-framework\src\traditional\proc\p18f4480.asm
                RXF12SIDL   0x000d81       data     extern E:\c18v3.46\pic18-lt\cxx-framework\src\traditional\proc\p18f4480.asm
            RXF12SIDLbits   0x000d81       data     extern E:\c18v3.46\pic18-lt\cxx-framework\src\traditional\proc\p18f4480.asm
                RXF13EIDH   0x000d86       data     extern E:\c18v3.46\pic18-lt\cxx-framework\src\traditional\proc\p18f4480.asm
            RXF13EIDHbits   0x000d86       data     extern E:\c18v3.46\pic18-lt\cxx-framework\src\traditional\proc\p18f4480.asm
                RXF13EIDL   0x000d87       data     extern E:\c18v3.46\pic18-lt\cxx-framework\src\traditional\proc\p18f4480.asm
            RXF13EIDLbits   0x000d87       data     extern E:\c18v3.46\pic18-lt\cxx-framework\src\traditional\proc\p18f4480.asm
                RXF13SIDH   0x000d84       data     extern E:\c18v3.46\pic18-lt\cxx-framework\src\traditional\proc\p18f4480.asm
            RXF13SIDHbits   0x000d84       data     extern E:\c18v3.46\pic18-lt\cxx-framework\src\traditional\proc\p18f4480.asm
                RXF13SIDL   0x000d85       data     extern E:\c18v3.46\pic18-lt\cxx-framework\src\traditional\proc\p18f4480.asm
            RXF13SIDLbits   0x000d85       data     extern E:\c18v3.46\pic18-lt\cxx-framework\src\traditional\proc\p18f4480.asm
                RXF14EIDH   0x000d8a       data     extern E:\c18v3.46\pic18-lt\cxx-framework\src\traditional\proc\p18f4480.asm
            RXF14EIDHbits   0x000d8a       data     extern E:\c18v3.46\pic18-lt\cxx-framework\src\traditional\proc\p18f4480.asm
                RXF14EIDL   0x000d8b       data     extern E:\c18v3.46\pic18-lt\cxx-framework\src\traditional\proc\p18f4480.asm
            RXF14EIDLbits   0x000d8b       data     extern E:\c18v3.46\pic18-lt\cxx-framework\src\traditional\proc\p18f4480.asm
                RXF14SIDH   0x000d88       data     extern E:\c18v3.46\pic18-lt\cxx-framework\src\traditional\proc\p18f4480.asm
            RXF14SIDHbits   0x000d88       data     extern E:\c18v3.46\pic18-lt\cxx-framework\src\traditional\proc\p18f4480.asm
                RXF14SIDL   0x000d89       data     extern E:\c18v3.46\pic18-lt\cxx-framework\src\traditional\proc\p18f4480.asm
            RXF14SIDLbits   0x000d89       data     extern E:\c18v3.46\pic18-lt\cxx-framework\src\traditional\proc\p18f4480.asm
                RXF15EIDH   0x000d92       data     extern E:\c18v3.46\pic18-lt\cxx-framework\src\traditional\proc\p18f4480.asm
            RXF15EIDHbits   0x000d92       data     extern E:\c18v3.46\pic18-lt\cxx-framework\src\traditional\proc\p18f4480.asm
                RXF15EIDL   0x000d93       data     extern E:\c18v3.46\pic18-lt\cxx-framework\src\traditional\proc\p18f4480.asm
            RXF15EIDLbits   0x000d93       data     extern E:\c18v3.46\pic18-lt\cxx-framework\src\traditional\proc\p18f4480.asm
                RXF15SIDH   0x000d90       data     extern E:\c18v3.46\pic18-lt\cxx-framework\src\traditional\proc\p18f4480.asm
            RXF15SIDHbits   0x000d90       data     extern E:\c18v3.46\pic18-lt\cxx-framework\src\traditional\proc\p18f4480.asm
                RXF15SIDL   0x000d91       data     extern E:\c18v3.46\pic18-lt\cxx-framework\src\traditional\proc\p18f4480.asm
            RXF15SIDLbits   0x000d91       data     extern E:\c18v3.46\pic18-lt\cxx-framework\src\traditional\proc\p18f4480.asm
                 RXF1EIDH   0x000f06       data     extern E:\c18v3.46\pic18-lt\cxx-framework\src\traditional\proc\p18f4480.asm
             RXF1EIDHbits   0x000f06       data     extern E:\c18v3.46\pic18-lt\cxx-framework\src\traditional\proc\p18f4480.asm
                 RXF1EIDL   0x000f07       data     extern E:\c18v3.46\pic18-lt\cxx-framework\src\traditional\proc\p18f4480.asm
             RXF1EIDLbits   0x000f07       data     extern E:\c18v3.46\pic18-lt\cxx-framework\src\traditional\proc\p18f4480.asm
                 RXF1SIDH   0x000f04       data     extern E:\c18v3.46\pic18-lt\cxx-framework\src\traditional\proc\p18f4480.asm
             RXF1SIDHbits   0x000f04       data     extern E:\c18v3.46\pic18-lt\cxx-framework\src\traditional\proc\p18f4480.asm
[...]
                 DDRDbits   0x000f95       data     extern E:\c18v3.46\pic18-lt\cxx-framework\src\traditional\proc\p18f4480.asm
                    TRISD   0x000f95       data     extern E:\c18v3.46\pic18-lt\cxx-framework\src\traditional\proc\p18f4480.asm
                     DDRE   0x000f96       data     extern E:\c18v3.46\pic18-lt\cxx-framework\src\traditional\proc\p18f4480.asm
                 DDREbits   0x000f96       data     extern E:\c18v3.46\pic18-lt\cxx-framework\src\traditional\proc\p18f4480.asm
                    TRISE   0x000f96       data     extern E:\c18v3.46\pic18-lt\cxx-framework\src\traditional\proc\p18f4480.asm
                TRISEbits   0x000f96       data     extern E:\c18v3.46\pic18-lt\cxx-framework\src\traditional\proc\p18f4480.asm
                  OSCTUNE   0x000f9b       data     extern E:\c18v3.46\pic18-lt\cxx-framework\src\traditional\proc\p18f4480.asm
              OSCTUNEbits   0x000f9b       data     extern E:\c18v3.46\pic18-lt\cxx-framework\src\traditional\proc\p18f4480.asm
                     PIE1   0x000f9d       data     extern E:\c18v3.46\pic18-lt\cxx-framework\src\traditional\proc\p18f4480.asm
                 PIE1bits   0x000f9d       data     extern E:\c18v3.46\pic18-lt\cxx-framework\src\traditional\proc\p18f4480.asm
                 PIR1bits   0x000f9e       data     extern E:\c18v3.46\pic18-lt\cxx-framework\src\traditional\proc\p18f4480.asm
                     PIR1   0x000f9e       data     extern E:\c18v3.46\pic18-lt\cxx-framework\src\traditional\proc\p18f4480.asm
                     IPR1   0x000f9f       data     extern E:\c18v3.46\pic18-lt\cxx-framework\src\traditional\proc\p18f4480.asm
                 IPR1bits   0x000f9f       data     extern E:\c18v3.46\pic18-lt\cxx-framework\src\traditional\proc\p18f4480.asm
                 PIE2bits   0x000fa0       data     extern E:\c18v3.46\pic18-lt\cxx-framework\src\traditional\proc\p18f4480.asm
                     PIE2   0x000fa0       data     extern E:\c18v3.46\pic18-lt\cxx-framework\src\traditional\proc\p18f4480.asm
                     PIR2   0x000fa1       data     extern E:\c18v3.46\pic18-lt\cxx-framework\src\traditional\proc\p18f4480.asm
                 PIR2bits   0x000fa1       data     extern E:\c18v3.46\pic18-lt\cxx-framework\src\traditional\proc\p18f4480.asm
                 IPR2bits   0x000fa2       data     extern E:\c18v3.46\pic18-lt\cxx-framework\src\traditional\proc\p18f4480.asm
                     IPR2   0x000fa2       data     extern E:\c18v3.46\pic18-lt\cxx-framework\src\traditional\proc\p18f4480.asm
                 PIE3bits   0x000fa3       data     extern E:\c18v3.46\pic18-lt\cxx-framework\src\traditional\proc\p18f4480.asm
                     PIE3   0x000fa3       data     extern E:\c18v3.46\pic18-lt\cxx-framework\src\traditional\proc\p18f4480.asm
                 PIR3bits   0x000fa4       data     extern E:\c18v3.46\pic18-lt\cxx-framework\src\traditional\proc\p18f4480.asm
                     PIR3   0x000fa4       data     extern E:\c18v3.46\pic18-lt\cxx-framework\src\traditional\proc\p18f4480.asm
                 IPR3bits   0x000fa5       data     extern E:\c18v3.46\pic18-lt\cxx-framework\src\traditional\proc\p18f4480.asm
                     IPR3   0x000fa5       data     extern E:\c18v3.46\pic18-lt\cxx-framework\src\traditional\proc\p18f4480.asm
                   EECON1   0x000fa6       data     extern E:\c18v3.46\pic18-lt\cxx-framework\src\traditional\proc\p18f4480.asm
               EECON1bits   0x000fa6       data     extern E:\c18v3.46\pic18-lt\cxx-framework\src\traditional\proc\p18f4480.asm
                   EECON2   0x000fa7       data     extern E:\c18v3.46\pic18-lt\cxx-framework\src\traditional\proc\p18f4480.asm
                   EEDATA   0x000fa8       data     extern E:\c18v3.46\pic18-lt\cxx-framework\src\traditional\proc\p18f4480.asm
                    EEADR   0x000fa9       data     extern E:\c18v3.46\pic18-lt\cxx-framework\src\traditional\proc\p18f4480.asm
                RCSTAbits   0x000fab       data     extern E:\c18v3.46\pic18-lt\cxx-framework\src\traditional\proc\p18f4480.asm
                    RCSTA   0x000fab       data     extern E:\c18v3.46\pic18-lt\cxx-framework\src\traditional\proc\p18f4480.asm
                    TXSTA   0x000fac       data     extern E:\c18v3.46\pic18-lt\cxx-framework\src\traditional\proc\p18f4480.asm
                TXSTAbits   0x000fac       data     extern E:\c18v3.46\pic18-lt\cxx-framework\src\traditional\proc\p18f4480.asm
                    TXREG   0x000fad       data     extern E:\c18v3.46\pic18-lt\cxx-framework\src\traditional\proc\p18f4480.asm
                    RCREG   0x000fae       data     extern E:\c18v3.46\pic18-lt\cxx-framework\src\traditional\proc\p18f4480.asm
                    SPBRG   0x000faf       data     extern E:\c18v3.46\pic18-lt\cxx-framework\src\traditional\proc\p18f4480.asm
                   SPBRGH   0x000fb0       data     extern E:\c18v3.46\pic18-lt\cxx-framework\src\traditional\proc\p18f4480.asm
                    T3CON   0x000fb1       data     extern E:\c18v3.46\pic18-lt\cxx-framework\src\traditional\proc\p18f4480.asm
                T3CONbits   0x000fb1       data     extern E:\c18v3.46\pic18-lt\cxx-framework\src\traditional\proc\p18f4480.asm
                    TMR3L   0x000fb2       data     extern E:\c18v3.46\pic18-lt\cxx-framework\src\traditional\proc\p18f4480.asm
                    TMR3H   0x000fb3       data     extern E:\c18v3.46\pic18-lt\cxx-framework\src\traditional\proc\p18f4480.asm
                CMCONbits   0x000fb4       data     extern E:\c18v3.46\pic18-lt\cxx-framework\src\traditional\proc\p18f4480.asm
                    CMCON   0x000fb4       data     extern E:\c18v3.46\pic18-lt\cxx-framework\src\traditional\proc\p18f4480.asm
               CVRCONbits   0x000fb5       data     extern E:\c18v3.46\pic18-lt\cxx-framework\src\traditional\proc\p18f4480.asm
                   CVRCON   0x000fb5       data     extern E:\c18v3.46\pic18-lt\cxx-framework\src\traditional\proc\p18f4480.asm
              ECCP1ASbits   0x000fb6       data     extern E:\c18v3.46\pic18-lt\cxx-framework\src\traditional\proc\p18f4480.asm
                  ECCP1AS   0x000fb6       data     extern E:\c18v3.46\pic18-lt\cxx-framework\src\traditional\proc\p18f4480.asm
             ECCP1DELbits   0x000fb7       data     extern E:\c18v3.46\pic18-lt\cxx-framework\src\traditional\proc\p18f4480.asm
                 ECCP1DEL   0x000fb7       data     extern E:\c18v3.46\pic18-lt\cxx-framework\src\traditional\proc\p18f4480.asm
                  BAUDCTL   0x000fb8       data     extern E:\c18v3.46\pic18-lt\cxx-framework\src\traditional\proc\p18f4480.asm
              BAUDCTLbits   0x000fb8       data     extern E:\c18v3.46\pic18-lt\cxx-framework\src\traditional\proc\p18f4480.asm
              BAUDCONbits   0x000fb8       data     extern E:\c18v3.46\pic18-lt\cxx-framework\src\traditional\proc\p18f4480.asm
                  BAUDCON   0x000fb8       data     extern E:\c18v3.46\pic18-lt\cxx-framework\src\traditional\proc\p18f4480.asm
             ECCP1CONbits   0x000fba       data     extern E:\c18v3.46\pic18-lt\cxx-framework\src\traditional\proc\p18f4480.asm
                 ECCP1CON   0x000fba       data     extern E:\c18v3.46\pic18-lt\cxx-framework\src\traditional\proc\p18f4480.asm
                   ECCPR1   0x000fbb       data     extern E:\c18v3.46\pic18-lt\cxx-framework\src\traditional\proc\p18f4480.asm
                  ECCPR1L   0x000fbb       data     extern E:\c18v3.46\pic18-lt\cxx-framework\src\traditional\proc\p18f4480.asm
                  ECCPR1H   0x000fbc       data     extern E:\c18v3.46\pic18-lt\cxx-framework\src\traditional\proc\p18f4480.asm
                  CCP1CON   0x000fbd       data     extern E:\c18v3.46\pic18-lt\cxx-framework\src\traditional\proc\p18f4480.asm
              CCP1CONbits   0x000fbd       data     extern E:\c18v3.46\pic18-lt\cxx-framework\src\traditional\proc\p18f4480.asm
                   CCPR1L   0x000fbe       data     extern E:\c18v3.46\pic18-lt\cxx-framework\src\traditional\proc\p18f4480.asm
                    CCPR1   0x000fbe       data     extern E:\c18v3.46\pic18-lt\cxx-framework\src\traditional\proc\p18f4480.asm
                   CCPR1H   0x000fbf       data     extern E:\c18v3.46\pic18-lt\cxx-framework\src\traditional\proc\p18f4480.asm
               ADCON2bits   0x000fc0       data     extern E:\c18v3.46\pic18-lt\cxx-framework\src\traditional\proc\p18f4480.asm
                   ADCON2   0x000fc0       data     extern E:\c18v3.46\pic18-lt\cxx-framework\src\traditional\proc\p18f4480.asm
               ADCON1bits   0x000fc1       data     extern E:\c18v3.46\pic18-lt\cxx-framework\src\traditional\proc\p18f4480.asm
                   ADCON1   0x000fc1       data     extern E:\c18v3.46\pic18-lt\cxx-framework\src\traditional\proc\p18f4480.asm
               ADCON0bits   0x000fc2       data     extern E:\c18v3.46\pic18-lt\cxx-framework\src\traditional\proc\p18f4480.asm
                   ADCON0   0x000fc2       data     extern E:\c18v3.46\pic18-lt\cxx-framework\src\traditional\proc\p18f4480.asm
                    ADRES   0x000fc3       data     extern E:\c18v3.46\pic18-lt\cxx-framework\src\traditional\proc\p18f4480.asm
                   ADRESL   0x000fc3       data     extern E:\c18v3.46\pic18-lt\cxx-framework\src\traditional\proc\p18f4480.asm
                   ADRESH   0x000fc4       data     extern E:\c18v3.46\pic18-lt\cxx-framework\src\traditional\proc\p18f4480.asm
                  SSPCON2   0x000fc5       data     extern E:\c18v3.46\pic18-lt\cxx-framework\src\traditional\proc\p18f4480.asm
              SSPCON2bits   0x000fc5       data     extern E:\c18v3.46\pic18-lt\cxx-framework\src\traditional\proc\p18f4480.asm
                  SSPCON1   0x000fc6       data     extern E:\c18v3.46\pic18-lt\cxx-framework\src\traditional\proc\p18f4480.asm
              SSPCON1bits   0x000fc6       data     extern E:\c18v3.46\pic18-lt\cxx-framework\src\traditional\proc\p18f4480.asm
              SSPSTATbits   0x000fc7       data     extern E:\c18v3.46\pic18-lt\cxx-framework\src\traditional\proc\p18f4480.asm
                  SSPSTAT   0x000fc7       data     extern E:\c18v3.46\pic18-lt\cxx-framework\src\traditional\proc\p18f4480.asm
                   SSPADD   0x000fc8       data     extern E:\c18v3.46\pic18-lt\cxx-framework\src\traditional\proc\p18f4480.asm
                   SSPBUF   0x000fc9       data     extern E:\c18v3.46\pic18-lt\cxx-framework\src\traditional\proc\p18f4480.asm
                    T2CON   0x000fca       data     extern E:\c18v3.46\pic18-lt\cxx-framework\src\traditional\proc\p18f4480.asm
                T2CONbits   0x000fca       data     extern E:\c18v3.46\pic18-lt\cxx-framework\src\traditional\proc\p18f4480.asm
                      PR2   0x000fcb       data     extern E:\c18v3.46\pic18-lt\cxx-framework\src\traditional\proc\p18f4480.asm
                     TMR2   0x000fcc       data     extern E:\c18v3.46\pic18-lt\cxx-framework\src\traditional\proc\p18f4480.asm
                    T1CON   0x000fcd       data     extern E:\c18v3.46\pic18-lt\cxx-framework\src\traditional\proc\p18f4480.asm
                T1CONbits   0x000fcd       data     extern E:\c18v3.46\pic18-lt\cxx-framework\src\traditional\proc\p18f4480.asm
                    TMR1L   0x000fce       data     extern E:\c18v3.46\pic18-lt\cxx-framework\src\traditional\proc\p18f4480.asm
                    TMR1H   0x000fcf       data     extern E:\c18v3.46\pic18-lt\cxx-framework\src\traditional\proc\p18f4480.asm
                 RCONbits   0x000fd0       data     extern E:\c18v3.46\pic18-lt\cxx-framework\src\traditional\proc\p18f4480.asm
                     RCON   0x000fd0       data     extern E:\c18v3.46\pic18-lt\cxx-framework\src\traditional\proc\p18f4480.asm
               WDTCONbits   0x000fd1       data     extern E:\c18v3.46\pic18-lt\cxx-framework\src\traditional\proc\p18f4480.asm
                   WDTCON   0x000fd1       data     extern E:\c18v3.46\pic18-lt\cxx-framework\src\traditional\proc\p18f4480.asm
                  HLVDCON   0x000fd2       data     extern E:\c18v3.46\pic18-lt\cxx-framework\src\traditional\proc\p18f4480.asm
              HLVDCONbits   0x000fd2       data     extern E:\c18v3.46\pic18-lt\cxx-framework\src\traditional\proc\p18f4480.asm
                   LVDCON   0x000fd2       data     extern E:\c18v3.46\pic18-lt\cxx-framework\src\traditional\proc\p18f4480.asm
               LVDCONbits   0x000fd2       data     extern E:\c18v3.46\pic18-lt\cxx-framework\src\traditional\proc\p18f4480.asm
                   OSCCON   0x000fd3       data     extern E:\c18v3.46\pic18-lt\cxx-framework\src\traditional\proc\p18f4480.asm
               OSCCONbits   0x000fd3       data     extern E:\c18v3.46\pic18-lt\cxx-framework\src\traditional\proc\p18f4480.asm
                    T0CON   0x000fd5       data     extern E:\c18v3.46\pic18-lt\cxx-framework\src\traditional\proc\p18f4480.asm
                T0CONbits   0x000fd5       data     extern E:\c18v3.46\pic18-lt\cxx-framework\src\traditional\proc\p18f4480.asm
                    TMR0L   0x000fd6       data     extern E:\c18v3.46\pic18-lt\cxx-framework\src\traditional\proc\p18f4480.asm
                    TMR0H   0x000fd7       data     extern E:\c18v3.46\pic18-lt\cxx-framework\src\traditional\proc\p18f4480.asm
                   STATUS   0x000fd8       data     extern E:\c18v3.46\pic18-lt\cxx-framework\src\traditional\proc\p18f4480.asm
               STATUSbits   0x000fd8       data     extern E:\c18v3.46\pic18-lt\cxx-framework\src\traditional\proc\p18f4480.asm
                     FSR2   0x000fd9       data     extern E:\c18v3.46\pic18-lt\cxx-framework\src\traditional\proc\p18f4480.asm
                    FSR2L   0x000fd9       data     extern E:\c18v3.46\pic18-lt\cxx-framework\src\traditional\proc\p18f4480.asm
                    FSR2H   0x000fda       data     extern E:\c18v3.46\pic18-lt\cxx-framework\src\traditional\proc\p18f4480.asm
                   PLUSW2   0x000fdb       data     extern E:\c18v3.46\pic18-lt\cxx-framework\src\traditional\proc\p18f4480.asm
                  PREINC2   0x000fdc       data     extern E:\c18v3.46\pic18-lt\cxx-framework\src\traditional\proc\p18f4480.asm
                 POSTDEC2   0x000fdd       data     extern E:\c18v3.46\pic18-lt\cxx-framework\src\traditional\proc\p18f4480.asm
                 POSTINC2   0x000fde       data     extern E:\c18v3.46\pic18-lt\cxx-framework\src\traditional\proc\p18f4480.asm
                    INDF2   0x000fdf       data     extern E:\c18v3.46\pic18-lt\cxx-framework\src\traditional\proc\p18f4480.asm
                      BSR   0x000fe0       data     extern E:\c18v3.46\pic18-lt\cxx-framework\src\traditional\proc\p18f4480.asm
                    FSR1L   0x000fe1       data     extern E:\c18v3.46\pic18-lt\cxx-framework\src\traditional\proc\p18f4480.asm
                     FSR1   0x000fe1       data     extern E:\c18v3.46\pic18-lt\cxx-framework\src\traditional\proc\p18f4480.asm
                    FSR1H   0x000fe2       data     extern E:\c18v3.46\pic18-lt\cxx-framework\src\traditional\proc\p18f4480.asm
                   PLUSW1   0x000fe3       data     extern E:\c18v3.46\pic18-lt\cxx-framework\src\traditional\proc\p18f4480.asm
                  PREINC1   0x000fe4       data     extern E:\c18v3.46\pic18-lt\cxx-framework\src\traditional\proc\p18f4480.asm
                 POSTDEC1   0x000fe5       data     extern E:\c18v3.46\pic18-lt\cxx-framework\src\traditional\proc\p18f4480.asm
                 POSTINC1   0x000fe6       data     extern E:\c18v3.46\pic18-lt\cxx-framework\src\traditional\proc\p18f4480.asm
                    INDF1   0x000fe7       data     extern E:\c18v3.46\pic18-lt\cxx-framework\src\traditional\proc\p18f4480.asm
                     WREG   0x000fe8       data     extern E:\c18v3.46\pic18-lt\cxx-framework\src\traditional\proc\p18f4480.asm
                    FSR0L   0x000fe9       data     extern E:\c18v3.46\pic18-lt\cxx-framework\src\traditional\proc\p18f4480.asm
                     FSR0   0x000fe9       data     extern E:\c18v3.46\pic18-lt\cxx-framework\src\traditional\proc\p18f4480.asm
                    FSR0H   0x000fea       data     extern E:\c18v3.46\pic18-lt\cxx-framework\src\traditional\proc\p18f4480.asm
                   PLUSW0   0x000feb       data     extern E:\c18v3.46\pic18-lt\cxx-framework\src\traditional\proc\p18f4480.asm
                  PREINC0   0x000fec       data     extern E:\c18v3.46\pic18-lt\cxx-framework\src\traditional\proc\p18f4480.asm
                 POSTDEC0   0x000fed       data     extern E:\c18v3.46\pic18-lt\cxx-framework\src\traditional\proc\p18f4480.asm
                 POSTINC0   0x000fee       data     extern E:\c18v3.46\pic18-lt\cxx-framework\src\traditional\proc\p18f4480.asm
                    INDF0   0x000fef       data     extern E:\c18v3.46\pic18-lt\cxx-framework\src\traditional\proc\p18f4480.asm
              INTCON3bits   0x000ff0       data     extern E:\c18v3.46\pic18-lt\cxx-framework\src\traditional\proc\p18f4480.asm
                  INTCON3   0x000ff0       data     extern E:\c18v3.46\pic18-lt\cxx-framework\src\traditional\proc\p18f4480.asm
              INTCON2bits   0x000ff1       data     extern E:\c18v3.46\pic18-lt\cxx-framework\src\traditional\proc\p18f4480.asm
                  INTCON2   0x000ff1       data     extern E:\c18v3.46\pic18-lt\cxx-framework\src\traditional\proc\p18f4480.asm
                   INTCON   0x000ff2       data     extern E:\c18v3.46\pic18-lt\cxx-framework\src\traditional\proc\p18f4480.asm
               INTCONbits   0x000ff2       data     extern E:\c18v3.46\pic18-lt\cxx-framework\src\traditional\proc\p18f4480.asm
                     PROD   0x000ff3       data     extern E:\c18v3.46\pic18-lt\cxx-framework\src\traditional\proc\p18f4480.asm
                    PRODL   0x000ff3       data     extern E:\c18v3.46\pic18-lt\cxx-framework\src\traditional\proc\p18f4480.asm
                    PRODH   0x000ff4       data     extern E:\c18v3.46\pic18-lt\cxx-framework\src\traditional\proc\p18f4480.asm
                   TABLAT   0x000ff5       data     extern E:\c18v3.46\pic18-lt\cxx-framework\src\traditional\proc\p18f4480.asm
                  TBLPTRL   0x000ff6       data     extern E:\c18v3.46\pic18-lt\cxx-framework\src\traditional\proc\p18f4480.asm
                   TBLPTR   0x000ff6       data     extern E:\c18v3.46\pic18-lt\cxx-framework\src\traditional\proc\p18f4480.asm
                  TBLPTRH   0x000ff7       data     extern E:\c18v3.46\pic18-lt\cxx-framework\src\traditional\proc\p18f4480.asm
                  TBLPTRU   0x000ff8       data     extern E:\c18v3.46\pic18-lt\cxx-framework\src\traditional\proc\p18f4480.asm
                       PC   0x000ff9       data     extern E:\c18v3.46\pic18-lt\cxx-framework\src\traditional\proc\p18f4480.asm
                      PCL   0x000ff9       data     extern E:\c18v3.46\pic18-lt\cxx-framework\src\traditional\proc\p18f4480.asm
                   PCLATH   0x000ffa       data     extern E:\c18v3.46\pic18-lt\cxx-framework\src\traditional\proc\p18f4480.asm
                   PCLATU   0x000ffb       data     extern E:\c18v3.46\pic18-lt\cxx-framework\src\traditional\proc\p18f4480.asm
               STKPTRbits   0x000ffc       data     extern E:\c18v3.46\pic18-lt\cxx-framework\src\traditional\proc\p18f4480.asm
                   STKPTR   0x000ffc       data     extern E:\c18v3.46\pic18-lt\cxx-framework\src\traditional\proc\p18f4480.asm
                     TOSL   0x000ffd       data     extern E:\c18v3.46\pic18-lt\cxx-framework\src\traditional\proc\p18f4480.asm
                      TOS   0x000ffd       data     extern E:\c18v3.46\pic18-lt\cxx-framework\src\traditional\proc\p18f4480.asm
                     TOSH   0x000ffe       data     extern E:\c18v3.46\pic18-lt\cxx-framework\src\traditional\proc\p18f4480.asm
                     TOSU   0x000fff       data     extern E:\c18v3.46\pic18-lt\cxx-framework\src\traditional\proc\p18f4480.asm


